<html>
<body>
<pre>
<h1>µVision Build Log</h1>
<h2>Project:</h2>
C:\Users\ekizm\Desktop\Week 4\Project\Demonstration\MDK-ARM\STM32F0-Discovery_Demo.uvproj
Project File Date:  11/12/2019

<h2>Output:</h2>
Build target 'Demo'
compiling main.c...
linking...
Program Size: Code=1336 RO-data=252 RW-data=20 ZI-data=1028  
".\Demo\Demo.axf" - 0 Error(s), 0 Warning(s).
Load "C:\\Users\\ekizm\\Desktop\\Week 4\\Project\\Demonstration\\MDK-ARM\\Demo\\Demo.axf" 
Erase Done.
Programming Done.
Verify OK.
</pre>
</body>
</html>
ompiling stm32f0xx_flash.c...
compiling stm32f0xx_gpio.c...
compiling stm32f0xx_i2c.c...
compiling stm32f0xx_rcc.c...
compiling stm32f0xx_spi.c...
compiling stm32f0xx_tim.c...
assembling startup_stm32f0xx.s...
linking...
Program Size: Code=1352 RO-data=252 RW-data=20 ZI-data=1028  
".\Demo\Demo.axf" - 0 Error(s), 0 Warning(s).
Load "C:\\Users\\ekizm\\Desktop\\Week 4\\Project\\Demonstration\\MDK-ARM\\Demo\\Demo.axf" 
Erase Done.
Programming Done.
Verify OK.
king...
Program Size: Code=1476 RO-data=252 RW-data=20 ZI-data=1028  
".\Demo\Demo.axf" - 0 Error(s), 2 Warning(s).
Load "C:\\Users\\ekizm\\Desktop\\Week 4\\Project\\Demonstration\\MDK-ARM\\Demo\\Demo.axf" 
Erase Done.
Programming Done.
Verify OK.
