Archive member included to satisfy reference by file (symbol)

/usr/lib/gcc/arm-none-eabi/9.2.0/../../../../arm-none-eabi/lib/thumb/v6-m/nofp/libc_nano.a(lib_a-atexit.o)
                              /usr/lib/gcc/arm-none-eabi/9.2.0/../../../../arm-none-eabi/lib/thumb/v6-m/nofp/crt0.o (atexit)
/usr/lib/gcc/arm-none-eabi/9.2.0/../../../../arm-none-eabi/lib/thumb/v6-m/nofp/libc_nano.a(lib_a-exit.o)
                              /usr/lib/gcc/arm-none-eabi/9.2.0/../../../../arm-none-eabi/lib/thumb/v6-m/nofp/crt0.o (exit)
/usr/lib/gcc/arm-none-eabi/9.2.0/../../../../arm-none-eabi/lib/thumb/v6-m/nofp/libc_nano.a(lib_a-fini.o)
                              /usr/lib/gcc/arm-none-eabi/9.2.0/../../../../arm-none-eabi/lib/thumb/v6-m/nofp/crt0.o (__libc_fini_array)
/usr/lib/gcc/arm-none-eabi/9.2.0/../../../../arm-none-eabi/lib/thumb/v6-m/nofp/libc_nano.a(lib_a-impure.o)
                              /usr/lib/gcc/arm-none-eabi/9.2.0/../../../../arm-none-eabi/lib/thumb/v6-m/nofp/libc_nano.a(lib_a-exit.o) (_global_impure_ptr)
/usr/lib/gcc/arm-none-eabi/9.2.0/../../../../arm-none-eabi/lib/thumb/v6-m/nofp/libc_nano.a(lib_a-init.o)
                              /usr/lib/gcc/arm-none-eabi/9.2.0/../../../../arm-none-eabi/lib/thumb/v6-m/nofp/crt0.o (__libc_init_array)
/usr/lib/gcc/arm-none-eabi/9.2.0/../../../../arm-none-eabi/lib/thumb/v6-m/nofp/libc_nano.a(lib_a-memset.o)
                              /usr/lib/gcc/arm-none-eabi/9.2.0/../../../../arm-none-eabi/lib/thumb/v6-m/nofp/crt0.o (memset)
/usr/lib/gcc/arm-none-eabi/9.2.0/../../../../arm-none-eabi/lib/thumb/v6-m/nofp/libc_nano.a(lib_a-__atexit.o)
                              /usr/lib/gcc/arm-none-eabi/9.2.0/../../../../arm-none-eabi/lib/thumb/v6-m/nofp/libc_nano.a(lib_a-atexit.o) (__register_exitproc)
/usr/lib/gcc/arm-none-eabi/9.2.0/../../../../arm-none-eabi/lib/thumb/v6-m/nofp/libc_nano.a(lib_a-__call_atexit.o)
                              /usr/lib/gcc/arm-none-eabi/9.2.0/../../../../arm-none-eabi/lib/thumb/v6-m/nofp/libc_nano.a(lib_a-__atexit.o) (__call_exitprocs)
/usr/lib/gcc/arm-none-eabi/9.2.0/../../../../arm-none-eabi/lib/thumb/v6-m/nofp/libc_nano.a(lib_a-lock.o)
                              /usr/lib/gcc/arm-none-eabi/9.2.0/../../../../arm-none-eabi/lib/thumb/v6-m/nofp/libc_nano.a(lib_a-__atexit.o) (__retarget_lock_acquire_recursive)
/usr/lib/gcc/arm-none-eabi/9.2.0/../../../../arm-none-eabi/lib/thumb/v6-m/nofp/libnosys.a(_exit.o)
                              /usr/lib/gcc/arm-none-eabi/9.2.0/../../../../arm-none-eabi/lib/thumb/v6-m/nofp/libc_nano.a(lib_a-exit.o) (_exit)
/usr/lib/gcc/arm-none-eabi/9.2.0/thumb/v6-m/nofp/libgcc.a(_udivsi3.o)
                              build/main.o (__aeabi_uidiv)
/usr/lib/gcc/arm-none-eabi/9.2.0/thumb/v6-m/nofp/libgcc.a(_dvmd_tls.o)
                              /usr/lib/gcc/arm-none-eabi/9.2.0/thumb/v6-m/nofp/libgcc.a(_udivsi3.o) (__aeabi_idiv0)

Allocating common symbols
Common symbol       size              file

__lock___atexit_recursive_mutex
                    0x1               /usr/lib/gcc/arm-none-eabi/9.2.0/../../../../arm-none-eabi/lib/thumb/v6-m/nofp/libc_nano.a(lib_a-lock.o)
__lock___arc4random_mutex
                    0x1               /usr/lib/gcc/arm-none-eabi/9.2.0/../../../../arm-none-eabi/lib/thumb/v6-m/nofp/libc_nano.a(lib_a-lock.o)
__lock___env_recursive_mutex
                    0x1               /usr/lib/gcc/arm-none-eabi/9.2.0/../../../../arm-none-eabi/lib/thumb/v6-m/nofp/libc_nano.a(lib_a-lock.o)
__lock___sinit_recursive_mutex
                    0x1               /usr/lib/gcc/arm-none-eabi/9.2.0/../../../../arm-none-eabi/lib/thumb/v6-m/nofp/libc_nano.a(lib_a-lock.o)
__lock___malloc_recursive_mutex
                    0x1               /usr/lib/gcc/arm-none-eabi/9.2.0/../../../../arm-none-eabi/lib/thumb/v6-m/nofp/libc_nano.a(lib_a-lock.o)
__lock___at_quick_exit_mutex
                    0x1               /usr/lib/gcc/arm-none-eabi/9.2.0/../../../../arm-none-eabi/lib/thumb/v6-m/nofp/libc_nano.a(lib_a-lock.o)
__lock___dd_hash_mutex
                    0x1               /usr/lib/gcc/arm-none-eabi/9.2.0/../../../../arm-none-eabi/lib/thumb/v6-m/nofp/libc_nano.a(lib_a-lock.o)
__lock___tz_mutex   0x1               /usr/lib/gcc/arm-none-eabi/9.2.0/../../../../arm-none-eabi/lib/thumb/v6-m/nofp/libc_nano.a(lib_a-lock.o)
__lock___sfp_recursive_mutex
                    0x1               /usr/lib/gcc/arm-none-eabi/9.2.0/../../../../arm-none-eabi/lib/thumb/v6-m/nofp/libc_nano.a(lib_a-lock.o)

Discarded input sections

 .text          0x0000000000000000        0x0 /usr/lib/gcc/arm-none-eabi/9.2.0/thumb/v6-m/nofp/crti.o
 .data          0x0000000000000000        0x0 /usr/lib/gcc/arm-none-eabi/9.2.0/thumb/v6-m/nofp/crti.o
 .bss           0x0000000000000000        0x0 /usr/lib/gcc/arm-none-eabi/9.2.0/thumb/v6-m/nofp/crti.o
 .text          0x0000000000000000        0x0 /usr/lib/gcc/arm-none-eabi/9.2.0/thumb/v6-m/nofp/crtbegin.o
[...]
Memory Configuration

Name             Origin             Length             Attributes
RAM              0x0000000020000000 0x0000000000002000 xrw
FLASH            0x0000000008000000 0x0000000000010000 xr
*default*        0x0000000000000000 0xffffffffffffffff

Linker script and memory map

LOAD /usr/lib/gcc/arm-none-eabi/9.2.0/thumb/v6-m/nofp/crti.o
LOAD /usr/lib/gcc/arm-none-eabi/9.2.0/thumb/v6-m/nofp/crtbegin.o
LOAD /usr/lib/gcc/arm-none-eabi/9.2.0/../../../../arm-none-eabi/lib/thumb/v6-m/nofp/crt0.o
LOAD build/main.o
LOAD build/stm32f0xx_it.o
LOAD build/stm32f0_discovery.o
LOAD build/system_stm32f0xx.o
LOAD build/stm32f0xx_adc.o
LOAD build/stm32f0xx_cec.o
LOAD build/stm32f0xx_comp.o
LOAD build/stm32f0xx_crc.o
LOAD build/stm32f0xx_dbgmcu.o
LOAD build/stm32f0xx_dma.o
LOAD build/stm32f0xx_exti.o
LOAD build/stm32f0xx_flash.o
LOAD build/stm32f0xx_gpio.o
LOAD build/stm32f0xx_i2c.o
LOAD build/stm32f0xx_iwdg.o
LOAD build/stm32f0xx_misc.o
LOAD build/stm32f0xx_pwr.o
LOAD build/stm32f0xx_rcc.o
LOAD build/stm32f0xx_rtc.o
LOAD build/stm32f0xx_spi.o
LOAD build/stm32f0xx_syscfg.o
LOAD build/stm32f0xx_tim.o
LOAD build/stm32f0xx_usart.o
LOAD build/stm32f0xx_wwdg.o
LOAD build/startup_stm32f051x8.o
LOAD /usr/lib/gcc/arm-none-eabi/9.2.0/../../../../arm-none-eabi/lib/thumb/v6-m/nofp/libc_nano.a
LOAD /usr/lib/gcc/arm-none-eabi/9.2.0/../../../../arm-none-eabi/lib/thumb/v6-m/nofp/libm.a
LOAD /usr/lib/gcc/arm-none-eabi/9.2.0/../../../../arm-none-eabi/lib/thumb/v6-m/nofp/libnosys.a
START GROUP
LOAD /usr/lib/gcc/arm-none-eabi/9.2.0/thumb/v6-m/nofp/libgcc.a
LOAD /usr/lib/gcc/arm-none-eabi/9.2.0/../../../../arm-none-eabi/lib/thumb/v6-m/nofp/libc_nano.a
END GROUP
START GROUP
LOAD /usr/lib/gcc/arm-none-eabi/9.2.0/thumb/v6-m/nofp/libgcc.a
LOAD /usr/lib/gcc/arm-none-eabi/9.2.0/../../../../arm-none-eabi/lib/thumb/v6-m/nofp/libc_nano.a
END GROUP
LOAD /usr/lib/gcc/arm-none-eabi/9.2.0/thumb/v6-m/nofp/crtend.o
LOAD /usr/lib/gcc/arm-none-eabi/9.2.0/thumb/v6-m/nofp/crtn.o
                0x0000000020002000                _estack = 0x20002000
                0x0000000000000200                _Min_Heap_Size = 0x200
                0x0000000000000400                _Min_Stack_Size = 0x400

.isr_vector     0x0000000008000000       0xc0
                0x0000000008000000                . = ALIGN (0x4)
 *(.isr_vector)
 .isr_vector    0x0000000008000000       0xc0 build/startup_stm32f051x8.o
                0x0000000008000000                g_pfnVectors
                0x00000000080000c0                . = ALIGN (0x4)

.text           0x00000000080000c0      0x670
                0x00000000080000c0                . = ALIGN (0x4)
 *(.text)
 .text          0x00000000080000c0       0x8c /usr/lib/gcc/arm-none-eabi/9.2.0/thumb/v6-m/nofp/libgcc.a(_udivsi3.o)
                0x00000000080000c0                __udivsi3
                0x00000000080000c0                __aeabi_uidiv
                0x0000000008000138                __aeabi_uidivmod
 .text          0x000000000800014c        0x4 /usr/lib/gcc/arm-none-eabi/9.2.0/thumb/v6-m/nofp/libgcc.a(_dvmd_tls.o)
                0x000000000800014c                __aeabi_ldiv0
                0x000000000800014c                __aeabi_idiv0
 *(.text*)
 .text.__do_global_dtors_aux
                0x0000000008000150       0x28 /usr/lib/gcc/arm-none-eabi/9.2.0/thumb/v6-m/nofp/crtbegin.o
 .text.frame_dummy
                0x0000000008000178       0x20 /usr/lib/gcc/arm-none-eabi/9.2.0/thumb/v6-m/nofp/crtbegin.o
 .text.LEDToggle
                0x0000000008000198       0x34 build/main.o
                0x0000000008000198                LEDToggle
 .text.LEDOff   0x00000000080001cc       0x10 build/main.o
                0x00000000080001cc                LEDOff
 .text.TimingDelay_Decrement
                0x00000000080001dc       0x18 build/main.o
                0x00000000080001dc                TimingDelay_Decrement
 .text.Delay    0x00000000080001f4       0x2c build/main.o
                0x00000000080001f4                Delay
 .text.main     0x0000000008000220       0xa0 build/main.o
                0x0000000008000220                main
 .text.NMI_Handler
                0x00000000080002c0        0x2 build/stm32f0xx_it.o
                0x00000000080002c0                NMI_Handler
 .text.HardFault_Handler
                0x00000000080002c2        0x2 build/stm32f0xx_it.o
                0x00000000080002c2                HardFault_Handler
 .text.SVC_Handler
                0x00000000080002c4        0x2 build/stm32f0xx_it.o
                0x00000000080002c4                SVC_Handler
 .text.PendSV_Handler
                0x00000000080002c6        0x2 build/stm32f0xx_it.o
                0x00000000080002c6                PendSV_Handler
 .text.SysTick_Handler
                0x00000000080002c8        0x2 build/stm32f0xx_it.o
                0x00000000080002c8                SysTick_Handler
 *fill*         0x00000000080002ca        0x2 
 .text.STM_EVAL_LEDInit
                0x00000000080002cc       0x44 build/stm32f0_discovery.o
                0x00000000080002cc                STM_EVAL_LEDInit
 .text.STM_EVAL_LEDOn
                0x0000000008000310       0x18 build/stm32f0_discovery.o
                0x0000000008000310                STM_EVAL_LEDOn
 .text.STM_EVAL_LEDOff
                0x0000000008000328       0x18 build/stm32f0_discovery.o
                0x0000000008000328                STM_EVAL_LEDOff
 .text.STM_EVAL_LEDToggle
                0x0000000008000340       0x1c build/stm32f0_discovery.o
                0x0000000008000340                STM_EVAL_LEDToggle
 .text.STM_EVAL_PBInit
                0x000000000800035c       0x7c build/stm32f0_discovery.o
                0x000000000800035c                STM_EVAL_PBInit
 .text.STM_EVAL_PBGetState
                0x00000000080003d8       0x14 build/stm32f0_discovery.o
                0x00000000080003d8                STM_EVAL_PBGetState
 .text.SetSysClock
                0x00000000080003ec       0x6c build/system_stm32f0xx.o
 .text.SystemInit
                0x0000000008000458       0x64 build/system_stm32f0xx.o
                0x0000000008000458                SystemInit
 .text.EXTI_Init
                0x00000000080004bc       0x78 build/stm32f0xx_exti.o
                0x00000000080004bc                EXTI_Init
 .text.GPIO_Init
                0x0000000008000534       0x84 build/stm32f0xx_gpio.o
                0x0000000008000534                GPIO_Init
 .text.GPIO_ReadInputDataBit
                0x00000000080005b8        0xe build/stm32f0xx_gpio.o
                0x00000000080005b8                GPIO_ReadInputDataBit
 *fill*         0x00000000080005c6        0x2 
 .text.NVIC_Init
                0x00000000080005c8       0x54 build/stm32f0xx_misc.o
                0x00000000080005c8                NVIC_Init
 .text.RCC_AHBPeriphClockCmd
                0x000000000800061c       0x1c build/stm32f0xx_rcc.o
                0x000000000800061c                RCC_AHBPeriphClockCmd
 .text.RCC_APB2PeriphClockCmd
                0x0000000008000638       0x1c build/stm32f0xx_rcc.o
                0x0000000008000638                RCC_APB2PeriphClockCmd
 .text.SYSCFG_EXTILineConfig
                0x0000000008000654       0x28 build/stm32f0xx_syscfg.o
                0x0000000008000654                SYSCFG_EXTILineConfig
 .text.Reset_Handler
                0x000000000800067c       0x50 build/startup_stm32f051x8.o
                0x000000000800067c                Reset_Handler
 .text.Default_Handler
                0x00000000080006cc        0x2 build/startup_stm32f051x8.o
                0x00000000080006cc                TIM1_CC_IRQHandler
                0x00000000080006cc                TSC_IRQHandler
                0x00000000080006cc                ADC1_COMP_IRQHandler
                0x00000000080006cc                PVD_IRQHandler
                0x00000000080006cc                I2C1_IRQHandler
                0x00000000080006cc                RCC_CRS_IRQHandler
                0x00000000080006cc                SPI1_IRQHandler
                0x00000000080006cc                TIM6_DAC_IRQHandler
                0x00000000080006cc                EXTI2_3_IRQHandler
                0x00000000080006cc                I2C2_IRQHandler
                0x00000000080006cc                TIM17_IRQHandler
                0x00000000080006cc                CEC_CAN_IRQHandler
                0x00000000080006cc                RTC_IRQHandler
                0x00000000080006cc                TIM16_IRQHandler
                0x00000000080006cc                TIM3_IRQHandler
                0x00000000080006cc                EXTI4_15_IRQHandler
                0x00000000080006cc                DMA1_Channel1_IRQHandler
                0x00000000080006cc                Default_Handler
                0x00000000080006cc                TIM14_IRQHandler
                0x00000000080006cc                DMA1_Channel4_5_IRQHandler
                0x00000000080006cc                TIM15_IRQHandler
                0x00000000080006cc                EXTI0_1_IRQHandler
                0x00000000080006cc                SPI2_IRQHandler
                0x00000000080006cc                WWDG_IRQHandler
                0x00000000080006cc                TIM2_IRQHandler
                0x00000000080006cc                DMA1_Channel2_3_IRQHandler
                0x00000000080006cc                USART2_IRQHandler
                0x00000000080006cc                FLASH_IRQHandler
                0x00000000080006cc                USART1_IRQHandler
                0x00000000080006cc                TIM1_BRK_UP_TRG_COM_IRQHandler
 *fill*         0x00000000080006ce        0x2 
 .text.__libc_init_array
                0x00000000080006d0       0x48 /usr/lib/gcc/arm-none-eabi/9.2.0/../../../../arm-none-eabi/lib/thumb/v6-m/nofp/libc_nano.a(lib_a-init.o)
                0x00000000080006d0                __libc_init_array
 *(.glue_7)
 .glue_7        0x0000000008000718        0x0 linker stubs
 *(.glue_7t)
 .glue_7t       0x0000000008000718        0x0 linker stubs
 *(.eh_frame)
 .eh_frame      0x0000000008000718        0x0 /usr/lib/gcc/arm-none-eabi/9.2.0/thumb/v6-m/nofp/crtbegin.o
 *(.init)
 .init          0x0000000008000718        0x4 /usr/lib/gcc/arm-none-eabi/9.2.0/thumb/v6-m/nofp/crti.o
                0x0000000008000718                _init
 .init          0x000000000800071c        0x8 /usr/lib/gcc/arm-none-eabi/9.2.0/thumb/v6-m/nofp/crtn.o
 *(.fini)
 .fini          0x0000000008000724        0x4 /usr/lib/gcc/arm-none-eabi/9.2.0/thumb/v6-m/nofp/crti.o
                0x0000000008000724                _fini
 .fini          0x0000000008000728        0x8 /usr/lib/gcc/arm-none-eabi/9.2.0/thumb/v6-m/nofp/crtn.o
                0x0000000008000730                . = ALIGN (0x4)
                0x0000000008000730                _etext = .

.vfp11_veneer   0x0000000008000730        0x0
 .vfp11_veneer  0x0000000008000730        0x0 linker stubs

.v4_bx          0x0000000008000730        0x0
 .v4_bx         0x0000000008000730        0x0 linker stubs

.iplt           0x0000000008000730        0x0
 .iplt          0x0000000008000730        0x0 /usr/lib/gcc/arm-none-eabi/9.2.0/thumb/v6-m/nofp/crtbegin.o

.rodata         0x0000000008000730       0x34
                0x0000000008000730                . = ALIGN (0x4)
 *(.rodata)
 *(.rodata*)
 .rodata.main   0x0000000008000730       0x28 build/main.o
 .rodata.GPIO_CLK
                0x0000000008000758        0x8 build/stm32f0_discovery.o
                0x0000000008000758                GPIO_CLK
 .rodata.GPIO_PIN
                0x0000000008000760        0x4 build/stm32f0_discovery.o
                0x0000000008000760                GPIO_PIN
                0x0000000008000764                . = ALIGN (0x4)

.rel.dyn        0x0000000008000764        0x0
 .rel.iplt      0x0000000008000764        0x0 /usr/lib/gcc/arm-none-eabi/9.2.0/thumb/v6-m/nofp/crtbegin.o

.ARM.extab
 *(.ARM.extab* .gnu.linkonce.armextab.*)

.ARM            0x0000000008000764        0x0
                0x0000000008000764                __exidx_start = .
 *(.ARM.exidx*)
                0x0000000008000764                __exidx_end = .

.preinit_array  0x0000000008000764        0x0
                0x0000000008000764                PROVIDE (__preinit_array_start = .)
 *(.preinit_array*)
                0x0000000008000764                PROVIDE (__preinit_array_end = .)

.init_array     0x0000000008000764        0x4
                0x0000000008000764                PROVIDE (__init_array_start = .)
 *(SORT_BY_NAME(.init_array.*))
 *(.init_array*)
 .init_array    0x0000000008000764        0x4 /usr/lib/gcc/arm-none-eabi/9.2.0/thumb/v6-m/nofp/crtbegin.o
                0x0000000008000768                PROVIDE (__init_array_end = .)

.fini_array     0x0000000008000768        0x4
                0x0000000008000768                PROVIDE (__fini_array_start = .)
 *(SORT_BY_NAME(.fini_array.*))
 *(.fini_array*)
 .fini_array    0x0000000008000768        0x4 /usr/lib/gcc/arm-none-eabi/9.2.0/thumb/v6-m/nofp/crtbegin.o
                0x000000000800076c                PROVIDE (__fini_array_end = .)
                0x000000000800076c                _sidata = LOADADDR (.data)

.data           0x0000000020000000       0x10 load address 0x000000000800076c
                0x0000000020000000                . = ALIGN (0x4)
                0x0000000020000000                _sdata = .
 *(.data)
 *(.data*)
 .data.state    0x0000000020000000        0x1 build/main.o
                0x0000000020000000                state
 *fill*         0x0000000020000001        0x3 
 .data.BUTTON_PORT
                0x0000000020000004        0x4 build/stm32f0_discovery.o
                0x0000000020000004                BUTTON_PORT
 .data.GPIO_PORT
                0x0000000020000008        0x8 build/stm32f0_discovery.o
                0x0000000020000008                GPIO_PORT
                0x0000000020000010                . = ALIGN (0x4)
                0x0000000020000010                _edata = .

.igot.plt       0x0000000020000010        0x0 load address 0x000000000800077c
 .igot.plt      0x0000000020000010        0x0 /usr/lib/gcc/arm-none-eabi/9.2.0/thumb/v6-m/nofp/crtbegin.o
                0x0000000020000010                . = ALIGN (0x4)

.bss            0x0000000020000010       0x24 load address 0x000000000800077c
                0x0000000020000010                _sbss = .
                0x0000000020000010                __bss_start__ = _sbss
 *(.bss)
 *(.bss*)
 .bss.completed.8891
                0x0000000020000010        0x1 /usr/lib/gcc/arm-none-eabi/9.2.0/thumb/v6-m/nofp/crtbegin.o
 *fill*         0x0000000020000011        0x3 
 .bss.object.8896
                0x0000000020000014       0x18 /usr/lib/gcc/arm-none-eabi/9.2.0/thumb/v6-m/nofp/crtbegin.o
 .bss.TimingDelay
                0x000000002000002c        0x4 build/main.o
 .bss.counter   0x0000000020000030        0x2 build/main.o
                0x0000000020000030                counter
 *(COMMON)
                0x0000000020000034                . = ALIGN (0x4)
 *fill*         0x0000000020000032        0x2 
                0x0000000020000034                _ebss = .
                0x0000000020000034                __bss_end__ = _ebss

._user_heap_stack
                0x0000000020000034      0x604 load address 0x000000000800077c
                0x0000000020000038                . = ALIGN (0x8)
 *fill*         0x0000000020000034        0x4 
                [!provide]                        PROVIDE (end = .)
                [!provide]                        PROVIDE (_end = .)
                0x0000000020000238                . = (. + _Min_Heap_Size)
 *fill*         0x0000000020000038      0x200 
                0x0000000020000638                . = (. + _Min_Stack_Size)
 *fill*         0x0000000020000238      0x400 
                0x0000000020000638                . = ALIGN (0x8)

/DISCARD/
 libc.a(*)
 libm.a(*)
 libgcc.a(*)

.ARM.attributes
                0x0000000000000000       0x28
 *(.ARM.attributes)
 .ARM.attributes
                0x0000000000000000       0x1e /usr/lib/gcc/arm-none-eabi/9.2.0/thumb/v6-m/nofp/crti.o
 .ARM.attributes
                0x000000000000001e       0x2c /usr/lib/gcc/arm-none-eabi/9.2.0/thumb/v6-m/nofp/crtbegin.o
 .ARM.attributes
                0x000000000000004a       0x2c build/main.o
 .ARM.attributes
                0x0000000000000076       0x2c build/stm32f0xx_it.o
 .ARM.attributes
                0x00000000000000a2       0x2c build/stm32f0_discovery.o
 .ARM.attributes
                0x00000000000000ce       0x2c build/system_stm32f0xx.o
 .ARM.attributes
                0x00000000000000fa       0x2c build/stm32f0xx_exti.o
 .ARM.attributes
                0x0000000000000126       0x2c build/stm32f0xx_gpio.o
 .ARM.attributes
                0x0000000000000152       0x2c build/stm32f0xx_misc.o
 .ARM.attributes
                0x000000000000017e       0x2c build/stm32f0xx_rcc.o
 .ARM.attributes
                0x00000000000001aa       0x2c build/stm32f0xx_syscfg.o
 .ARM.attributes
                0x00000000000001d6       0x21 build/startup_stm32f051x8.o
 .ARM.attributes
                0x00000000000001f7       0x2c /usr/lib/gcc/arm-none-eabi/9.2.0/../../../../arm-none-eabi/lib/thumb/v6-m/nofp/libc_nano.a(lib_a-init.o)
 .ARM.attributes
                0x0000000000000223       0x1e /usr/lib/gcc/arm-none-eabi/9.2.0/thumb/v6-m/nofp/libgcc.a(_udivsi3.o)
 .ARM.attributes
                0x0000000000000241       0x1e /usr/lib/gcc/arm-none-eabi/9.2.0/thumb/v6-m/nofp/libgcc.a(_dvmd_tls.o)
 .ARM.attributes
                0x000000000000025f       0x1e /usr/lib/gcc/arm-none-eabi/9.2.0/thumb/v6-m/nofp/crtn.o
OUTPUT(build/helloworld2.elf elf32-littlearm)

.debug_info     0x0000000000000000     0x2fe7
 .debug_info    0x0000000000000000      0x3e6 build/main.o
 .debug_info    0x00000000000003e6      0x104 build/stm32f0xx_it.o
 .debug_info    0x00000000000004ea      0x92a build/stm32f0_discovery.o
 .debug_info    0x0000000000000e14      0x35d build/system_stm32f0xx.o
 .debug_info    0x0000000000001171      0x3b8 build/stm32f0xx_exti.o
 .debug_info    0x0000000000001529      0x7ec build/stm32f0xx_gpio.o
 .debug_info    0x0000000000001d15      0x3eb build/stm32f0xx_misc.o
 .debug_info    0x0000000000002100      0xb97 build/stm32f0xx_rcc.o
 .debug_info    0x0000000000002c97      0x32e build/stm32f0xx_syscfg.o
 .debug_info    0x0000000000002fc5       0x22 build/startup_stm32f051x8.o

.debug_abbrev   0x0000000000000000      0xf66
 .debug_abbrev  0x0000000000000000      0x176 build/main.o
 .debug_abbrev  0x0000000000000176       0x68 build/stm32f0xx_it.o
 .debug_abbrev  0x00000000000001de      0x1ff build/stm32f0_discovery.o
 .debug_abbrev  0x00000000000003dd      0x164 build/system_stm32f0xx.o
 .debug_abbrev  0x0000000000000541      0x213 build/stm32f0xx_exti.o
 .debug_abbrev  0x0000000000000754      0x249 build/stm32f0xx_gpio.o
 .debug_abbrev  0x000000000000099d      0x173 build/stm32f0xx_misc.o
 .debug_abbrev  0x0000000000000b10      0x29f build/stm32f0xx_rcc.o
 .debug_abbrev  0x0000000000000daf      0x1a5 build/stm32f0xx_syscfg.o
 .debug_abbrev  0x0000000000000f54       0x12 build/startup_stm32f051x8.o

.debug_loc      0x0000000000000000     0x13a9
 .debug_loc     0x0000000000000000       0xd6 build/main.o
 .debug_loc     0x00000000000000d6      0x17b build/stm32f0_discovery.o
 .debug_loc     0x0000000000000251      0x1a7 build/system_stm32f0xx.o
 .debug_loc     0x00000000000003f8      0x1b9 build/stm32f0xx_exti.o
 .debug_loc     0x00000000000005b1      0x3d3 build/stm32f0xx_gpio.o
 .debug_loc     0x0000000000000984       0xb9 build/stm32f0xx_misc.o
 .debug_loc     0x0000000000000a3d      0x7d4 build/stm32f0xx_rcc.o
 .debug_loc     0x0000000000001211      0x198 build/stm32f0xx_syscfg.o

.debug_aranges  0x0000000000000000      0x3d0
 .debug_aranges
                0x0000000000000000       0x40 build/main.o
 .debug_aranges
                0x0000000000000040       0x40 build/stm32f0xx_it.o
 .debug_aranges
                0x0000000000000080       0x48 build/stm32f0_discovery.o
 .debug_aranges
                0x00000000000000c8       0x30 build/system_stm32f0xx.o
 .debug_aranges
                0x00000000000000f8       0x58 build/stm32f0xx_exti.o
 .debug_aranges
                0x0000000000000150       0x80 build/stm32f0xx_gpio.o
 .debug_aranges
                0x00000000000001d0       0x30 build/stm32f0xx_misc.o
 .debug_aranges
                0x0000000000000200      0x150 build/stm32f0xx_rcc.o
 .debug_aranges
                0x0000000000000350       0x58 build/stm32f0xx_syscfg.o
 .debug_aranges
                0x00000000000003a8       0x28 build/startup_stm32f051x8.o

.debug_ranges   0x0000000000000000      0x338
 .debug_ranges  0x0000000000000000       0x30 build/main.o
 .debug_ranges  0x0000000000000030       0x30 build/stm32f0xx_it.o
 .debug_ranges  0x0000000000000060       0x38 build/stm32f0_discovery.o
 .debug_ranges  0x0000000000000098       0x20 build/system_stm32f0xx.o
 .debug_ranges  0x00000000000000b8       0x48 build/stm32f0xx_exti.o
 .debug_ranges  0x0000000000000100       0x70 build/stm32f0xx_gpio.o
 .debug_ranges  0x0000000000000170       0x20 build/stm32f0xx_misc.o
 .debug_ranges  0x0000000000000190      0x140 build/stm32f0xx_rcc.o
 .debug_ranges  0x00000000000002d0       0x48 build/stm32f0xx_syscfg.o
 .debug_ranges  0x0000000000000318       0x20 build/startup_stm32f051x8.o

.debug_line     0x0000000000000000     0x20c3
 .debug_line    0x0000000000000000      0x1ff build/main.o
 .debug_line    0x00000000000001ff      0x147 build/stm32f0xx_it.o
 .debug_line    0x0000000000000346      0x302 build/stm32f0_discovery.o
 .debug_line    0x0000000000000648      0x2a2 build/system_stm32f0xx.o
 .debug_line    0x00000000000008ea      0x330 build/stm32f0xx_exti.o
 .debug_line    0x0000000000000c1a      0x4c5 build/stm32f0xx_gpio.o
 .debug_line    0x00000000000010df      0x250 build/stm32f0xx_misc.o
 .debug_line    0x000000000000132f      0xa8c build/stm32f0xx_rcc.o
 .debug_line    0x0000000000001dbb      0x291 build/stm32f0xx_syscfg.o
 .debug_line    0x000000000000204c       0x77 build/startup_stm32f051x8.o

.debug_str      0x0000000000000000     0x1370
 .debug_str     0x0000000000000000      0x27e build/main.o
                                        0x2e3 (size before relaxing)
 .debug_str     0x000000000000027e       0x5c build/stm32f0xx_it.o
                                        0x1a1 (size before relaxing)
 .debug_str     0x00000000000002da      0x60a build/stm32f0_discovery.o
                                        0x819 (size before relaxing)
 .debug_str     0x00000000000008e4       0xf4 build/system_stm32f0xx.o
                                        0x25e (size before relaxing)
 .debug_str     0x00000000000009d8       0xfb build/stm32f0xx_exti.o
                                        0x350 (size before relaxing)
 .debug_str     0x0000000000000ad3      0x171 build/stm32f0xx_gpio.o
                                        0x4b6 (size before relaxing)
 .debug_str     0x0000000000000c44      0x116 build/stm32f0xx_misc.o
                                        0x30a (size before relaxing)
 .debug_str     0x0000000000000d5a      0x482 build/stm32f0xx_rcc.o
                                        0x725 (size before relaxing)
 .debug_str     0x00000000000011dc      0x170 build/stm32f0xx_syscfg.o
                                        0x32f (size before relaxing)
 .debug_str     0x000000000000134c       0x24 build/startup_stm32f051x8.o
                                         0x45 (size before relaxing)

.comment        0x0000000000000000       0x1d
 .comment       0x0000000000000000       0x1d build/main.o
                                         0x1e (size before relaxing)
 .comment       0x000000000000001d       0x1e build/stm32f0xx_it.o
 .comment       0x000000000000001d       0x1e build/stm32f0_discovery.o
 .comment       0x000000000000001d       0x1e build/system_stm32f0xx.o
 .comment       0x000000000000001d       0x1e build/stm32f0xx_exti.o
 .comment       0x000000000000001d       0x1e build/stm32f0xx_gpio.o
 .comment       0x000000000000001d       0x1e build/stm32f0xx_misc.o
 .comment       0x000000000000001d       0x1e build/stm32f0xx_rcc.o
 .comment       0x000000000000001d       0x1e build/stm32f0xx_syscfg.o

.debug_frame    0x0000000000000000      0x770
 .debug_frame   0x0000000000000000       0x90 build/main.o
 .debug_frame   0x0000000000000090       0x60 build/stm32f0xx_it.o
 .debug_frame   0x00000000000000f0       0x9c build/stm32f0_discovery.o
 .debug_frame   0x000000000000018c       0x5c build/system_stm32f0xx.o
 .debug_frame   0x00000000000001e8       0x9c build/stm32f0xx_exti.o
 .debug_frame   0x0000000000000284      0x10c build/stm32f0xx_gpio.o
 .debug_frame   0x0000000000000390       0x50 build/stm32f0xx_misc.o
 .debug_frame   0x00000000000003e0      0x2a8 build/stm32f0xx_rcc.o
 .debug_frame   0x0000000000000688       0x9c build/stm32f0xx_syscfg.o
 .debug_frame   0x0000000000000724       0x2c /usr/lib/gcc/arm-none-eabi/9.2.0/../../../../arm-none-eabi/lib/thumb/v6-m/nofp/libc_nano.a(lib_a-init.o)
 .debug_frame   0x0000000000000750       0x20 /usr/lib/gcc/arm-none-eabi/9.2.0/thumb/v6-m/nofp/libgcc.a(_udivsi3.o)

Cross Reference Table

Symbol                                            File
ADC1_COMP_IRQHandler                              build/startup_stm32f051x8.o
ADC_AnalogWatchdogCmd                             build/stm32f0xx_adc.o
ADC_AnalogWatchdogSingleChannelCmd                build/stm32f0xx_adc.o
ADC_AnalogWatchdogSingleChannelConfig             build/stm32f0xx_adc.o
ADC_AnalogWatchdogThresholdsConfig                build/stm32f0xx_adc.o
ADC_AutoPowerOffCmd                               build/stm32f0xx_adc.o
ADC_ChannelConfig                                 build/stm32f0xx_adc.o
ADC_ClearFlag                                     build/stm32f0xx_adc.o
ADC_ClearITPendingBit                             build/stm32f0xx_adc.o
ADC_Cmd                                           build/stm32f0xx_adc.o
ADC_ContinuousModeCmd                             build/stm32f0xx_adc.o
ADC_DMACmd                                        build/stm32f0xx_adc.o
ADC_DMARequestModeConfig                          build/stm32f0xx_adc.o
ADC_DeInit                                        build/stm32f0xx_adc.o
ADC_DiscModeCmd                                   build/stm32f0xx_adc.o
ADC_GetCalibrationFactor                          build/stm32f0xx_adc.o
ADC_GetConversionValue                            build/stm32f0xx_adc.o
ADC_GetFlagStatus                                 build/stm32f0xx_adc.o
ADC_GetITStatus                                   build/stm32f0xx_adc.o
ADC_ITConfig                                      build/stm32f0xx_adc.o
ADC_Init                                          build/stm32f0xx_adc.o
ADC_JitterCmd                                     build/stm32f0xx_adc.o
ADC_OverrunModeCmd                                build/stm32f0xx_adc.o
ADC_StartOfConversion                             build/stm32f0xx_adc.o
ADC_StopOfConversion                              build/stm32f0xx_adc.o
ADC_StructInit                                    build/stm32f0xx_adc.o
ADC_TempSensorCmd                                 build/stm32f0xx_adc.o
ADC_VbatCmd                                       build/stm32f0xx_adc.o
ADC_VrefintCmd                                    build/stm32f0xx_adc.o
ADC_WaitModeCmd                                   build/stm32f0xx_adc.o
AHBPrescTable                                     build/system_stm32f0xx.o
BUTTON_CLK                                        build/stm32f0_discovery.o
BUTTON_EXTI_LINE                                  build/stm32f0_discovery.o
BUTTON_IRQn                                       build/stm32f0_discovery.o
BUTTON_PIN                                        build/stm32f0_discovery.o
BUTTON_PIN_SOURCE                                 build/stm32f0_discovery.o
BUTTON_PORT                                       build/stm32f0_discovery.o
BUTTON_PORT_SOURCE                                build/stm32f0_discovery.o
CEC_CAN_IRQHandler                                build/startup_stm32f051x8.o
CEC_ClearFlag                                     build/stm32f0xx_cec.o
CEC_ClearITPendingBit                             build/stm32f0xx_cec.o
CEC_Cmd                                           build/stm32f0xx_cec.o
CEC_DeInit                                        build/stm32f0xx_cec.o
CEC_EndOfMessage                                  build/stm32f0xx_cec.o
CEC_GetFlagStatus                                 build/stm32f0xx_cec.o
CEC_GetITStatus                                   build/stm32f0xx_cec.o
CEC_ITConfig                                      build/stm32f0xx_cec.o
CEC_Init                                          build/stm32f0xx_cec.o
CEC_ListenModeCmd                                 build/stm32f0xx_cec.o
CEC_OwnAddressClear                               build/stm32f0xx_cec.o
CEC_OwnAddressConfig                              build/stm32f0xx_cec.o
CEC_ReceiveData                                   build/stm32f0xx_cec.o
CEC_SendData                                      build/stm32f0xx_cec.o
CEC_StartOfMessage                                build/stm32f0xx_cec.o
CEC_StructInit                                    build/stm32f0xx_cec.o
COMP_Cmd                                          build/stm32f0xx_comp.o
COMP_DeInit                                       build/stm32f0xx_comp.o
COMP_GetOutputLevel                               build/stm32f0xx_comp.o
COMP_Init                                         build/stm32f0xx_comp.o
COMP_LockConfig                                   build/stm32f0xx_comp.o
COMP_StructInit                                   build/stm32f0xx_comp.o
COMP_SwitchCmd                                    build/stm32f0xx_comp.o
COMP_WindowCmd                                    build/stm32f0xx_comp.o
CRC_CalcBlockCRC                                  build/stm32f0xx_crc.o
CRC_CalcCRC                                       build/stm32f0xx_crc.o
CRC_DeInit                                        build/stm32f0xx_crc.o
CRC_GetCRC                                        build/stm32f0xx_crc.o
CRC_GetIDRegister                                 build/stm32f0xx_crc.o
CRC_ResetDR                                       build/stm32f0xx_crc.o
CRC_ReverseInputDataSelect                        build/stm32f0xx_crc.o
CRC_ReverseOutputDataCmd                          build/stm32f0xx_crc.o
CRC_SetIDRegister                                 build/stm32f0xx_crc.o
CRC_SetInitRegister                               build/stm32f0xx_crc.o
DBGMCU_APB1PeriphConfig                           build/stm32f0xx_dbgmcu.o
DBGMCU_APB2PeriphConfig                           build/stm32f0xx_dbgmcu.o
DBGMCU_Config                                     build/stm32f0xx_dbgmcu.o
DBGMCU_GetDEVID                                   build/stm32f0xx_dbgmcu.o
DBGMCU_GetREVID                                   build/stm32f0xx_dbgmcu.o
DMA1_Channel1_IRQHandler                          build/startup_stm32f051x8.o
DMA1_Channel2_3_IRQHandler                        build/startup_stm32f051x8.o
DMA1_Channel4_5_IRQHandler                        build/startup_stm32f051x8.o
DMA_ClearFlag                                     build/stm32f0xx_dma.o
DMA_ClearITPendingBit                             build/stm32f0xx_dma.o
DMA_Cmd                                           build/stm32f0xx_dma.o
DMA_DeInit                                        build/stm32f0xx_dma.o
DMA_GetCurrDataCounter                            build/stm32f0xx_dma.o
DMA_GetFlagStatus                                 build/stm32f0xx_dma.o
DMA_GetITStatus                                   build/stm32f0xx_dma.o
DMA_ITConfig                                      build/stm32f0xx_dma.o
DMA_Init                                          build/stm32f0xx_dma.o
DMA_SetCurrDataCounter                            build/stm32f0xx_dma.o
DMA_StructInit                                    build/stm32f0xx_dma.o
Default_Handler                                   build/startup_stm32f051x8.o
Delay                                             build/main.o
EXTI0_1_IRQHandler                                build/startup_stm32f051x8.o
EXTI2_3_IRQHandler                                build/startup_stm32f051x8.o
EXTI4_15_IRQHandler                               build/startup_stm32f051x8.o
EXTI_ClearFlag                                    build/stm32f0xx_exti.o
EXTI_ClearITPendingBit                            build/stm32f0xx_exti.o
EXTI_DeInit                                       build/stm32f0xx_exti.o
EXTI_GenerateSWInterrupt                          build/stm32f0xx_exti.o
EXTI_GetFlagStatus                                build/stm32f0xx_exti.o
EXTI_GetITStatus                                  build/stm32f0xx_exti.o
EXTI_Init                                         build/stm32f0xx_exti.o
                                                  build/stm32f0_discovery.o
EXTI_StructInit                                   build/stm32f0xx_exti.o
FLASH_ClearFlag                                   build/stm32f0xx_flash.o
FLASH_EraseAllPages                               build/stm32f0xx_flash.o
FLASH_ErasePage                                   build/stm32f0xx_flash.o
FLASH_GetFlagStatus                               build/stm32f0xx_flash.o
FLASH_GetPrefetchBufferStatus                     build/stm32f0xx_flash.o
FLASH_GetStatus                                   build/stm32f0xx_flash.o
FLASH_IRQHandler                                  build/startup_stm32f051x8.o
FLASH_ITConfig                                    build/stm32f0xx_flash.o
FLASH_Lock                                        build/stm32f0xx_flash.o
FLASH_OB_BOOTConfig                               build/stm32f0xx_flash.o
FLASH_OB_EnableWRP                                build/stm32f0xx_flash.o
FLASH_OB_Erase                                    build/stm32f0xx_flash.o
FLASH_OB_GetRDP                                   build/stm32f0xx_flash.o
FLASH_OB_GetUser                                  build/stm32f0xx_flash.o
FLASH_OB_GetWRP                                   build/stm32f0xx_flash.o
FLASH_OB_Launch                                   build/stm32f0xx_flash.o
FLASH_OB_Lock                                     build/stm32f0xx_flash.o
FLASH_OB_RDPConfig                                build/stm32f0xx_flash.o
FLASH_OB_SRAMParityConfig                         build/stm32f0xx_flash.o
FLASH_OB_Unlock                                   build/stm32f0xx_flash.o
FLASH_OB_UserConfig                               build/stm32f0xx_flash.o
FLASH_OB_VDDAConfig                               build/stm32f0xx_flash.o
FLASH_OB_WriteUser                                build/stm32f0xx_flash.o
FLASH_PrefetchBufferCmd                           build/stm32f0xx_flash.o
FLASH_ProgramHalfWord                             build/stm32f0xx_flash.o
FLASH_ProgramOptionByteData                       build/stm32f0xx_flash.o
FLASH_ProgramWord                                 build/stm32f0xx_flash.o
FLASH_SetLatency                                  build/stm32f0xx_flash.o
FLASH_Unlock                                      build/stm32f0xx_flash.o
FLASH_WaitForLastOperation                        build/stm32f0xx_flash.o
GPIO_CLK                                          build/stm32f0_discovery.o
GPIO_DeInit                                       build/stm32f0xx_gpio.o
GPIO_Init                                         build/stm32f0xx_gpio.o
                                                  build/stm32f0_discovery.o
GPIO_PIN                                          build/stm32f0_discovery.o
GPIO_PORT                                         build/stm32f0_discovery.o
GPIO_PinAFConfig                                  build/stm32f0xx_gpio.o
GPIO_PinLockConfig                                build/stm32f0xx_gpio.o
GPIO_ReadInputData                                build/stm32f0xx_gpio.o
GPIO_ReadInputDataBit                             build/stm32f0xx_gpio.o
                                                  build/stm32f0_discovery.o
GPIO_ReadOutputData                               build/stm32f0xx_gpio.o
GPIO_ReadOutputDataBit                            build/stm32f0xx_gpio.o
GPIO_ResetBits                                    build/stm32f0xx_gpio.o
GPIO_SetBits                                      build/stm32f0xx_gpio.o
GPIO_StructInit                                   build/stm32f0xx_gpio.o
GPIO_Write                                        build/stm32f0xx_gpio.o
GPIO_WriteBit                                     build/stm32f0xx_gpio.o
HardFault_Handler                                 build/stm32f0xx_it.o
I2C1_IRQHandler                                   build/startup_stm32f051x8.o
I2C2_IRQHandler                                   build/startup_stm32f051x8.o
I2C_10BitAddressHeaderCmd                         build/stm32f0xx_i2c.o
I2C_10BitAddressingModeCmd                        build/stm32f0xx_i2c.o
I2C_AcknowledgeConfig                             build/stm32f0xx_i2c.o
I2C_AutoEndCmd                                    build/stm32f0xx_i2c.o
I2C_CalculatePEC                                  build/stm32f0xx_i2c.o
I2C_ClearFlag                                     build/stm32f0xx_i2c.o
I2C_ClearITPendingBit                             build/stm32f0xx_i2c.o
I2C_ClockTimeoutCmd                               build/stm32f0xx_i2c.o
I2C_Cmd                                           build/stm32f0xx_i2c.o
I2C_DMACmd                                        build/stm32f0xx_i2c.o
I2C_DeInit                                        build/stm32f0xx_i2c.o
I2C_DualAddressCmd                                build/stm32f0xx_i2c.o
I2C_ExtendedClockTimeoutCmd                       build/stm32f0xx_i2c.o
I2C_GeneralCallCmd                                build/stm32f0xx_i2c.o
I2C_GenerateSTART                                 build/stm32f0xx_i2c.o
I2C_GenerateSTOP                                  build/stm32f0xx_i2c.o
I2C_GetAddressMatched                             build/stm32f0xx_i2c.o
I2C_GetFlagStatus                                 build/stm32f0xx_i2c.o
I2C_GetITStatus                                   build/stm32f0xx_i2c.o
I2C_GetPEC                                        build/stm32f0xx_i2c.o
I2C_GetTransferDirection                          build/stm32f0xx_i2c.o
I2C_ITConfig                                      build/stm32f0xx_i2c.o
I2C_IdleClockTimeoutCmd                           build/stm32f0xx_i2c.o
I2C_Init                                          build/stm32f0xx_i2c.o
I2C_MasterRequestConfig                           build/stm32f0xx_i2c.o
I2C_NumberOfBytesConfig                           build/stm32f0xx_i2c.o
I2C_OwnAddress2Config                             build/stm32f0xx_i2c.o
I2C_PECRequestCmd                                 build/stm32f0xx_i2c.o
I2C_ReadRegister                                  build/stm32f0xx_i2c.o
I2C_ReceiveData                                   build/stm32f0xx_i2c.o
I2C_ReloadCmd                                     build/stm32f0xx_i2c.o
I2C_SMBusAlertCmd                                 build/stm32f0xx_i2c.o
I2C_SendData                                      build/stm32f0xx_i2c.o
I2C_SlaveAddressConfig                            build/stm32f0xx_i2c.o
I2C_SlaveByteControlCmd                           build/stm32f0xx_i2c.o
I2C_SoftwareResetCmd                              build/stm32f0xx_i2c.o
I2C_StopModeCmd                                   build/stm32f0xx_i2c.o
I2C_StretchClockCmd                               build/stm32f0xx_i2c.o
I2C_StructInit                                    build/stm32f0xx_i2c.o
I2C_TimeoutAConfig                                build/stm32f0xx_i2c.o
I2C_TimeoutBConfig                                build/stm32f0xx_i2c.o
I2C_TransferHandling                              build/stm32f0xx_i2c.o
I2S_Cmd                                           build/stm32f0xx_spi.o
I2S_Init                                          build/stm32f0xx_spi.o
I2S_StructInit                                    build/stm32f0xx_spi.o
IWDG_Enable                                       build/stm32f0xx_iwdg.o
IWDG_GetFlagStatus                                build/stm32f0xx_iwdg.o
IWDG_ReloadCounter                                build/stm32f0xx_iwdg.o
IWDG_SetPrescaler                                 build/stm32f0xx_iwdg.o
IWDG_SetReload                                    build/stm32f0xx_iwdg.o
IWDG_SetWindowValue                               build/stm32f0xx_iwdg.o
IWDG_WriteAccessCmd                               build/stm32f0xx_iwdg.o
LEDOff                                            build/main.o
LEDToggle                                         build/main.o
NMI_Handler                                       build/stm32f0xx_it.o
NVIC_Init                                         build/stm32f0xx_misc.o
                                                  build/stm32f0_discovery.o
NVIC_SystemLPConfig                               build/stm32f0xx_misc.o
PVD_IRQHandler                                    build/startup_stm32f051x8.o
PWR_BackupAccessCmd                               build/stm32f0xx_pwr.o
PWR_ClearFlag                                     build/stm32f0xx_pwr.o
PWR_DeInit                                        build/stm32f0xx_pwr.o
PWR_EnterSTANDBYMode                              build/stm32f0xx_pwr.o
PWR_EnterSTOPMode                                 build/stm32f0xx_pwr.o
PWR_EnterSleepMode                                build/stm32f0xx_pwr.o
PWR_GetFlagStatus                                 build/stm32f0xx_pwr.o
PWR_PVDCmd                                        build/stm32f0xx_pwr.o
PWR_PVDLevelConfig                                build/stm32f0xx_pwr.o
PWR_WakeUpPinCmd                                  build/stm32f0xx_pwr.o
PendSV_Handler                                    build/stm32f0xx_it.o
RCC_ADCCLKConfig                                  build/stm32f0xx_rcc.o
RCC_AHBPeriphClockCmd                             build/stm32f0xx_rcc.o
                                                  build/stm32f0_discovery.o
RCC_AHBPeriphResetCmd                             build/stm32f0xx_rcc.o
                                                  build/stm32f0xx_gpio.o
RCC_APB1PeriphClockCmd                            build/stm32f0xx_rcc.o
RCC_APB1PeriphResetCmd                            build/stm32f0xx_rcc.o
                                                  build/stm32f0xx_wwdg.o
                                                  build/stm32f0xx_usart.o
                                                  build/stm32f0xx_tim.o
                                                  build/stm32f0xx_spi.o
                                                  build/stm32f0xx_pwr.o
                                                  build/stm32f0xx_i2c.o
                                                  build/stm32f0xx_cec.o
RCC_APB2PeriphClockCmd                            build/stm32f0xx_rcc.o
                                                  build/stm32f0_discovery.o
RCC_APB2PeriphResetCmd                            build/stm32f0xx_rcc.o
                                                  build/stm32f0xx_usart.o
                                                  build/stm32f0xx_tim.o
                                                  build/stm32f0xx_spi.o
                                                  build/stm32f0xx_adc.o
RCC_AdjustHSI14CalibrationValue                   build/stm32f0xx_rcc.o
RCC_AdjustHSICalibrationValue                     build/stm32f0xx_rcc.o
RCC_BackupResetCmd                                build/stm32f0xx_rcc.o
RCC_CECCLKConfig                                  build/stm32f0xx_rcc.o
RCC_CRS_IRQHandler                                build/startup_stm32f051x8.o
RCC_ClearFlag                                     build/stm32f0xx_rcc.o
RCC_ClearITPendingBit                             build/stm32f0xx_rcc.o
RCC_ClockSecuritySystemCmd                        build/stm32f0xx_rcc.o
RCC_DeInit                                        build/stm32f0xx_rcc.o
RCC_GetClocksFreq                                 build/stm32f0xx_rcc.o
                                                  build/stm32f0xx_usart.o
                                                  build/stm32f0xx_spi.o
RCC_GetFlagStatus                                 build/stm32f0xx_rcc.o
RCC_GetITStatus                                   build/stm32f0xx_rcc.o
RCC_GetSYSCLKSource                               build/stm32f0xx_rcc.o
RCC_HCLKConfig                                    build/stm32f0xx_rcc.o
RCC_HSEConfig                                     build/stm32f0xx_rcc.o
RCC_HSI14ADCRequestCmd                            build/stm32f0xx_rcc.o
RCC_HSI14Cmd                                      build/stm32f0xx_rcc.o
RCC_HSICmd                                        build/stm32f0xx_rcc.o
RCC_I2CCLKConfig                                  build/stm32f0xx_rcc.o
RCC_ITConfig                                      build/stm32f0xx_rcc.o
RCC_LSEConfig                                     build/stm32f0xx_rcc.o
RCC_LSEDriveConfig                                build/stm32f0xx_rcc.o
RCC_LSICmd                                        build/stm32f0xx_rcc.o
RCC_MCOConfig                                     build/stm32f0xx_rcc.o
RCC_PCLKConfig                                    build/stm32f0xx_rcc.o
RCC_PLLCmd                                        build/stm32f0xx_rcc.o
RCC_PLLConfig                                     build/stm32f0xx_rcc.o
RCC_PREDIV1Config                                 build/stm32f0xx_rcc.o
RCC_RTCCLKCmd                                     build/stm32f0xx_rcc.o
RCC_RTCCLKConfig                                  build/stm32f0xx_rcc.o
RCC_SYSCLKConfig                                  build/stm32f0xx_rcc.o
RCC_USARTCLKConfig                                build/stm32f0xx_rcc.o
RCC_WaitForHSEStartUp                             build/stm32f0xx_rcc.o
RTC_AlarmCmd                                      build/stm32f0xx_rtc.o
RTC_AlarmStructInit                               build/stm32f0xx_rtc.o
RTC_AlarmSubSecondConfig                          build/stm32f0xx_rtc.o
RTC_BypassShadowCmd                               build/stm32f0xx_rtc.o
RTC_CalibOutputCmd                                build/stm32f0xx_rtc.o
RTC_CalibOutputConfig                             build/stm32f0xx_rtc.o
RTC_ClearFlag                                     build/stm32f0xx_rtc.o
RTC_ClearITPendingBit                             build/stm32f0xx_rtc.o
RTC_DateStructInit                                build/stm32f0xx_rtc.o
RTC_DayLightSavingConfig                          build/stm32f0xx_rtc.o
RTC_DeInit                                        build/stm32f0xx_rtc.o
RTC_EnterInitMode                                 build/stm32f0xx_rtc.o
RTC_ExitInitMode                                  build/stm32f0xx_rtc.o
RTC_GetAlarm                                      build/stm32f0xx_rtc.o
RTC_GetAlarmSubSecond                             build/stm32f0xx_rtc.o
RTC_GetDate                                       build/stm32f0xx_rtc.o
RTC_GetFlagStatus                                 build/stm32f0xx_rtc.o
RTC_GetITStatus                                   build/stm32f0xx_rtc.o
RTC_GetStoreOperation                             build/stm32f0xx_rtc.o
RTC_GetSubSecond                                  build/stm32f0xx_rtc.o
RTC_GetTime                                       build/stm32f0xx_rtc.o
RTC_GetTimeStamp                                  build/stm32f0xx_rtc.o
RTC_GetTimeStampSubSecond                         build/stm32f0xx_rtc.o
RTC_IRQHandler                                    build/startup_stm32f051x8.o
RTC_ITConfig                                      build/stm32f0xx_rtc.o
RTC_Init                                          build/stm32f0xx_rtc.o
RTC_OutputConfig                                  build/stm32f0xx_rtc.o
RTC_OutputTypeConfig                              build/stm32f0xx_rtc.o
RTC_ReadBackupRegister                            build/stm32f0xx_rtc.o
RTC_RefClockCmd                                   build/stm32f0xx_rtc.o
RTC_SetAlarm                                      build/stm32f0xx_rtc.o
RTC_SetDate                                       build/stm32f0xx_rtc.o
RTC_SetTime                                       build/stm32f0xx_rtc.o
RTC_SmoothCalibConfig                             build/stm32f0xx_rtc.o
RTC_StructInit                                    build/stm32f0xx_rtc.o
RTC_SynchroShiftConfig                            build/stm32f0xx_rtc.o
RTC_TamperCmd                                     build/stm32f0xx_rtc.o
RTC_TamperFilterConfig                            build/stm32f0xx_rtc.o
RTC_TamperPinsPrechargeDuration                   build/stm32f0xx_rtc.o
RTC_TamperPullUpCmd                               build/stm32f0xx_rtc.o
RTC_TamperSamplingFreqConfig                      build/stm32f0xx_rtc.o
RTC_TamperTriggerConfig                           build/stm32f0xx_rtc.o
RTC_TimeStampCmd                                  build/stm32f0xx_rtc.o
RTC_TimeStampOnTamperDetectionCmd                 build/stm32f0xx_rtc.o
RTC_TimeStructInit                                build/stm32f0xx_rtc.o
RTC_WaitForSynchro                                build/stm32f0xx_rtc.o
RTC_WriteBackupRegister                           build/stm32f0xx_rtc.o
RTC_WriteProtectionCmd                            build/stm32f0xx_rtc.o
Reset_Handler                                     build/startup_stm32f051x8.o
SPI1_IRQHandler                                   build/startup_stm32f051x8.o
SPI2_IRQHandler                                   build/startup_stm32f051x8.o
SPI_BiDirectionalLineConfig                       build/stm32f0xx_spi.o
SPI_CRCLengthConfig                               build/stm32f0xx_spi.o
SPI_CalculateCRC                                  build/stm32f0xx_spi.o
SPI_Cmd                                           build/stm32f0xx_spi.o
SPI_DataSizeConfig                                build/stm32f0xx_spi.o
SPI_GetCRC                                        build/stm32f0xx_spi.o
SPI_GetCRCPolynomial                              build/stm32f0xx_spi.o
SPI_GetReceptionFIFOStatus                        build/stm32f0xx_spi.o
SPI_GetTransmissionFIFOStatus                     build/stm32f0xx_spi.o
SPI_I2S_ClearFlag                                 build/stm32f0xx_spi.o
SPI_I2S_DMACmd                                    build/stm32f0xx_spi.o
SPI_I2S_DeInit                                    build/stm32f0xx_spi.o
SPI_I2S_GetFlagStatus                             build/stm32f0xx_spi.o
SPI_I2S_GetITStatus                               build/stm32f0xx_spi.o
SPI_I2S_ITConfig                                  build/stm32f0xx_spi.o
SPI_I2S_ReceiveData16                             build/stm32f0xx_spi.o
SPI_I2S_SendData16                                build/stm32f0xx_spi.o
SPI_Init                                          build/stm32f0xx_spi.o
SPI_LastDMATransferCmd                            build/stm32f0xx_spi.o
SPI_NSSInternalSoftwareConfig                     build/stm32f0xx_spi.o
SPI_NSSPulseModeCmd                               build/stm32f0xx_spi.o
SPI_ReceiveData8                                  build/stm32f0xx_spi.o
SPI_RxFIFOThresholdConfig                         build/stm32f0xx_spi.o
SPI_SSOutputCmd                                   build/stm32f0xx_spi.o
SPI_SendData8                                     build/stm32f0xx_spi.o
SPI_StructInit                                    build/stm32f0xx_spi.o
SPI_TIModeCmd                                     build/stm32f0xx_spi.o
SPI_TransmitCRC                                   build/stm32f0xx_spi.o
STM_EVAL_LEDInit                                  build/stm32f0_discovery.o
                                                  build/main.o
STM_EVAL_LEDOff                                   build/stm32f0_discovery.o
                                                  build/main.o
STM_EVAL_LEDOn                                    build/stm32f0_discovery.o
                                                  build/main.o
STM_EVAL_LEDToggle                                build/stm32f0_discovery.o
                                                  build/main.o
STM_EVAL_PBGetState                               build/stm32f0_discovery.o
                                                  build/main.o
STM_EVAL_PBInit                                   build/stm32f0_discovery.o
                                                  build/main.o
SVC_Handler                                       build/stm32f0xx_it.o
SYSCFG_BreakConfig                                build/stm32f0xx_syscfg.o
SYSCFG_ClearFlag                                  build/stm32f0xx_syscfg.o
SYSCFG_DMAChannelRemapConfig                      build/stm32f0xx_syscfg.o
SYSCFG_DeInit                                     build/stm32f0xx_syscfg.o
SYSCFG_EXTILineConfig                             build/stm32f0xx_syscfg.o
                                                  build/stm32f0_discovery.o
SYSCFG_GetFlagStatus                              build/stm32f0xx_syscfg.o
SYSCFG_I2CFastModePlusConfig                      build/stm32f0xx_syscfg.o
SYSCFG_MemoryRemapConfig                          build/stm32f0xx_syscfg.o
SysTick_CLKSourceConfig                           build/stm32f0xx_misc.o
SysTick_Handler                                   build/stm32f0xx_it.o
SystemCoreClock                                   build/system_stm32f0xx.o
SystemCoreClockUpdate                             build/system_stm32f0xx.o
SystemInit                                        build/system_stm32f0xx.o
                                                  build/startup_stm32f051x8.o
TIM14_IRQHandler                                  build/startup_stm32f051x8.o
TIM15_IRQHandler                                  build/startup_stm32f051x8.o
TIM16_IRQHandler                                  build/startup_stm32f051x8.o
TIM17_IRQHandler                                  build/startup_stm32f051x8.o
TIM1_BRK_UP_TRG_COM_IRQHandler                    build/startup_stm32f051x8.o
TIM1_CC_IRQHandler                                build/startup_stm32f051x8.o
TIM2_IRQHandler                                   build/startup_stm32f051x8.o
TIM3_IRQHandler                                   build/startup_stm32f051x8.o
TIM6_DAC_IRQHandler                               build/startup_stm32f051x8.o
TIM_ARRPreloadConfig                              build/stm32f0xx_tim.o
TIM_BDTRConfig                                    build/stm32f0xx_tim.o
TIM_BDTRStructInit                                build/stm32f0xx_tim.o
TIM_CCPreloadControl                              build/stm32f0xx_tim.o
TIM_CCxCmd                                        build/stm32f0xx_tim.o
TIM_CCxNCmd                                       build/stm32f0xx_tim.o
TIM_ClearFlag                                     build/stm32f0xx_tim.o
TIM_ClearITPendingBit                             build/stm32f0xx_tim.o
TIM_ClearOC1Ref                                   build/stm32f0xx_tim.o
TIM_ClearOC2Ref                                   build/stm32f0xx_tim.o
TIM_ClearOC3Ref                                   build/stm32f0xx_tim.o
TIM_ClearOC4Ref                                   build/stm32f0xx_tim.o
TIM_Cmd                                           build/stm32f0xx_tim.o
TIM_CounterModeConfig                             build/stm32f0xx_tim.o
TIM_CtrlPWMOutputs                                build/stm32f0xx_tim.o
TIM_DMACmd                                        build/stm32f0xx_tim.o
TIM_DMAConfig                                     build/stm32f0xx_tim.o
TIM_DeInit                                        build/stm32f0xx_tim.o
TIM_ETRClockMode1Config                           build/stm32f0xx_tim.o
TIM_ETRClockMode2Config                           build/stm32f0xx_tim.o
TIM_ETRConfig                                     build/stm32f0xx_tim.o
TIM_EncoderInterfaceConfig                        build/stm32f0xx_tim.o
TIM_ForcedOC1Config                               build/stm32f0xx_tim.o
TIM_ForcedOC2Config                               build/stm32f0xx_tim.o
TIM_ForcedOC3Config                               build/stm32f0xx_tim.o
TIM_ForcedOC4Config                               build/stm32f0xx_tim.o
TIM_GenerateEvent                                 build/stm32f0xx_tim.o
TIM_GetCapture1                                   build/stm32f0xx_tim.o
TIM_GetCapture2                                   build/stm32f0xx_tim.o
TIM_GetCapture3                                   build/stm32f0xx_tim.o
TIM_GetCapture4                                   build/stm32f0xx_tim.o
TIM_GetCounter                                    build/stm32f0xx_tim.o
TIM_GetFlagStatus                                 build/stm32f0xx_tim.o
TIM_GetITStatus                                   build/stm32f0xx_tim.o
TIM_GetPrescaler                                  build/stm32f0xx_tim.o
TIM_ICInit                                        build/stm32f0xx_tim.o
TIM_ICStructInit                                  build/stm32f0xx_tim.o
TIM_ITConfig                                      build/stm32f0xx_tim.o
TIM_ITRxExternalClockConfig                       build/stm32f0xx_tim.o
TIM_InternalClockConfig                           build/stm32f0xx_tim.o
TIM_OC1FastConfig                                 build/stm32f0xx_tim.o
TIM_OC1Init                                       build/stm32f0xx_tim.o
TIM_OC1NPolarityConfig                            build/stm32f0xx_tim.o
TIM_OC1PolarityConfig                             build/stm32f0xx_tim.o
TIM_OC1PreloadConfig                              build/stm32f0xx_tim.o
TIM_OC2FastConfig                                 build/stm32f0xx_tim.o
TIM_OC2Init                                       build/stm32f0xx_tim.o
TIM_OC2NPolarityConfig                            build/stm32f0xx_tim.o
TIM_OC2PolarityConfig                             build/stm32f0xx_tim.o
TIM_OC2PreloadConfig                              build/stm32f0xx_tim.o
TIM_OC3FastConfig                                 build/stm32f0xx_tim.o
TIM_OC3Init                                       build/stm32f0xx_tim.o
TIM_OC3NPolarityConfig                            build/stm32f0xx_tim.o
TIM_OC3PolarityConfig                             build/stm32f0xx_tim.o
TIM_OC3PreloadConfig                              build/stm32f0xx_tim.o
TIM_OC4FastConfig                                 build/stm32f0xx_tim.o
TIM_OC4Init                                       build/stm32f0xx_tim.o
TIM_OC4PolarityConfig                             build/stm32f0xx_tim.o
TIM_OC4PreloadConfig                              build/stm32f0xx_tim.o
TIM_OCStructInit                                  build/stm32f0xx_tim.o
TIM_PWMIConfig                                    build/stm32f0xx_tim.o
TIM_PrescalerConfig                               build/stm32f0xx_tim.o
TIM_RemapConfig                                   build/stm32f0xx_tim.o
TIM_SelectCCDMA                                   build/stm32f0xx_tim.o
TIM_SelectCOM                                     build/stm32f0xx_tim.o
TIM_SelectHallSensor                              build/stm32f0xx_tim.o
TIM_SelectInputTrigger                            build/stm32f0xx_tim.o
TIM_SelectMasterSlaveMode                         build/stm32f0xx_tim.o
TIM_SelectOCREFClear                              build/stm32f0xx_tim.o
TIM_SelectOCxM                                    build/stm32f0xx_tim.o
TIM_SelectOnePulseMode                            build/stm32f0xx_tim.o
TIM_SelectOutputTrigger                           build/stm32f0xx_tim.o
TIM_SelectSlaveMode                               build/stm32f0xx_tim.o
TIM_SetAutoreload                                 build/stm32f0xx_tim.o
TIM_SetClockDivision                              build/stm32f0xx_tim.o
TIM_SetCompare1                                   build/stm32f0xx_tim.o
TIM_SetCompare2                                   build/stm32f0xx_tim.o
TIM_SetCompare3                                   build/stm32f0xx_tim.o
TIM_SetCompare4                                   build/stm32f0xx_tim.o
TIM_SetCounter                                    build/stm32f0xx_tim.o
TIM_SetIC1Prescaler                               build/stm32f0xx_tim.o
TIM_SetIC2Prescaler                               build/stm32f0xx_tim.o
TIM_SetIC3Prescaler                               build/stm32f0xx_tim.o
TIM_SetIC4Prescaler                               build/stm32f0xx_tim.o
TIM_TIxExternalClockConfig                        build/stm32f0xx_tim.o
TIM_TimeBaseInit                                  build/stm32f0xx_tim.o
TIM_TimeBaseStructInit                            build/stm32f0xx_tim.o
TIM_UpdateDisableConfig                           build/stm32f0xx_tim.o
TIM_UpdateRequestConfig                           build/stm32f0xx_tim.o
TSC_IRQHandler                                    build/startup_stm32f051x8.o
TimingDelay_Decrement                             build/main.o
USART1_IRQHandler                                 build/startup_stm32f051x8.o
USART2_IRQHandler                                 build/startup_stm32f051x8.o
USART_AddressDetectionConfig                      build/stm32f0xx_usart.o
USART_AutoBaudRateCmd                             build/stm32f0xx_usart.o
USART_AutoBaudRateConfig                          build/stm32f0xx_usart.o
USART_AutoBaudRateNewRequest                      build/stm32f0xx_usart.o
USART_ClearFlag                                   build/stm32f0xx_usart.o
USART_ClearITPendingBit                           build/stm32f0xx_usart.o
USART_ClockInit                                   build/stm32f0xx_usart.o
USART_ClockStructInit                             build/stm32f0xx_usart.o
USART_Cmd                                         build/stm32f0xx_usart.o
USART_DECmd                                       build/stm32f0xx_usart.o
USART_DEPolarityConfig                            build/stm32f0xx_usart.o
USART_DMACmd                                      build/stm32f0xx_usart.o
USART_DMAReceptionErrorConfig                     build/stm32f0xx_usart.o
USART_DataInvCmd                                  build/stm32f0xx_usart.o
USART_DeInit                                      build/stm32f0xx_usart.o
USART_DirectionModeCmd                            build/stm32f0xx_usart.o
USART_GetFlagStatus                               build/stm32f0xx_usart.o
USART_GetITStatus                                 build/stm32f0xx_usart.o
USART_HalfDuplexCmd                               build/stm32f0xx_usart.o
USART_ITConfig                                    build/stm32f0xx_usart.o
USART_Init                                        build/stm32f0xx_usart.o
USART_InvPinCmd                                   build/stm32f0xx_usart.o
USART_IrDACmd                                     build/stm32f0xx_usart.o
USART_IrDAConfig                                  build/stm32f0xx_usart.o
USART_LINBreakDetectLengthConfig                  build/stm32f0xx_usart.o
USART_LINCmd                                      build/stm32f0xx_usart.o
USART_MSBFirstCmd                                 build/stm32f0xx_usart.o
USART_MuteModeCmd                                 build/stm32f0xx_usart.o
USART_MuteModeWakeUpConfig                        build/stm32f0xx_usart.o
USART_OneBitMethodCmd                             build/stm32f0xx_usart.o
USART_OverSampling8Cmd                            build/stm32f0xx_usart.o
USART_OverrunDetectionConfig                      build/stm32f0xx_usart.o
USART_ReceiveData                                 build/stm32f0xx_usart.o
USART_ReceiverTimeOutCmd                          build/stm32f0xx_usart.o
USART_RequestCmd                                  build/stm32f0xx_usart.o
USART_STOPModeCmd                                 build/stm32f0xx_usart.o
USART_SWAPPinCmd                                  build/stm32f0xx_usart.o
USART_SendData                                    build/stm32f0xx_usart.o
USART_SetAddress                                  build/stm32f0xx_usart.o
USART_SetAutoRetryCount                           build/stm32f0xx_usart.o
USART_SetBlockLength                              build/stm32f0xx_usart.o
USART_SetDEAssertionTime                          build/stm32f0xx_usart.o
USART_SetDEDeassertionTime                        build/stm32f0xx_usart.o
USART_SetGuardTime                                build/stm32f0xx_usart.o
USART_SetPrescaler                                build/stm32f0xx_usart.o
USART_SetReceiverTimeOut                          build/stm32f0xx_usart.o
USART_SmartCardCmd                                build/stm32f0xx_usart.o
USART_SmartCardNACKCmd                            build/stm32f0xx_usart.o
USART_StopModeWakeUpSourceConfig                  build/stm32f0xx_usart.o
USART_StructInit                                  build/stm32f0xx_usart.o
WWDG_ClearFlag                                    build/stm32f0xx_wwdg.o
WWDG_DeInit                                       build/stm32f0xx_wwdg.o
WWDG_Enable                                       build/stm32f0xx_wwdg.o
WWDG_EnableIT                                     build/stm32f0xx_wwdg.o
WWDG_GetFlagStatus                                build/stm32f0xx_wwdg.o
WWDG_IRQHandler                                   build/startup_stm32f051x8.o
WWDG_SetCounter                                   build/stm32f0xx_wwdg.o
WWDG_SetPrescaler                                 build/stm32f0xx_wwdg.o
WWDG_SetWindowValue                               build/stm32f0xx_wwdg.o
__aeabi_idiv0                                     /usr/lib/gcc/arm-none-eabi/9.2.0/thumb/v6-m/nofp/libgcc.a(_dvmd_tls.o)
                                                  /usr/lib/gcc/arm-none-eabi/9.2.0/thumb/v6-m/nofp/libgcc.a(_udivsi3.o)
__aeabi_ldiv0                                     /usr/lib/gcc/arm-none-eabi/9.2.0/thumb/v6-m/nofp/libgcc.a(_dvmd_tls.o)
__aeabi_uidiv                                     /usr/lib/gcc/arm-none-eabi/9.2.0/thumb/v6-m/nofp/libgcc.a(_udivsi3.o)
                                                  build/stm32f0xx_usart.o
                                                  build/stm32f0xx_spi.o
                                                  build/stm32f0xx_rcc.o
                                                  build/system_stm32f0xx.o
                                                  build/main.o
__aeabi_uidivmod                                  /usr/lib/gcc/arm-none-eabi/9.2.0/thumb/v6-m/nofp/libgcc.a(_udivsi3.o)
__atexit_dummy                                    /usr/lib/gcc/arm-none-eabi/9.2.0/../../../../arm-none-eabi/lib/thumb/v6-m/nofp/libc_nano.a(lib_a-__atexit.o)
__atexit_recursive_mutex                          /usr/lib/gcc/arm-none-eabi/9.2.0/../../../../arm-none-eabi/lib/thumb/v6-m/nofp/libc_nano.a(lib_a-__call_atexit.o)
                                                  /usr/lib/gcc/arm-none-eabi/9.2.0/../../../../arm-none-eabi/lib/thumb/v6-m/nofp/libc_nano.a(lib_a-__atexit.o)
__bss_end__                                       /usr/lib/gcc/arm-none-eabi/9.2.0/../../../../arm-none-eabi/lib/thumb/v6-m/nofp/crt0.o
__bss_start__                                     /usr/lib/gcc/arm-none-eabi/9.2.0/../../../../arm-none-eabi/lib/thumb/v6-m/nofp/crt0.o
__call_exitprocs                                  /usr/lib/gcc/arm-none-eabi/9.2.0/../../../../arm-none-eabi/lib/thumb/v6-m/nofp/libc_nano.a(lib_a-__call_atexit.o)
                                                  /usr/lib/gcc/arm-none-eabi/9.2.0/../../../../arm-none-eabi/lib/thumb/v6-m/nofp/libc_nano.a(lib_a-__atexit.o)
                                                  /usr/lib/gcc/arm-none-eabi/9.2.0/../../../../arm-none-eabi/lib/thumb/v6-m/nofp/libc_nano.a(lib_a-exit.o)
__deregister_frame_info                           /usr/lib/gcc/arm-none-eabi/9.2.0/thumb/v6-m/nofp/crtbegin.o
__dso_handle                                      /usr/lib/gcc/arm-none-eabi/9.2.0/thumb/v6-m/nofp/crtbegin.o
__fini_array_end                                  /usr/lib/gcc/arm-none-eabi/9.2.0/../../../../arm-none-eabi/lib/thumb/v6-m/nofp/libc_nano.a(lib_a-fini.o)
__fini_array_start                                /usr/lib/gcc/arm-none-eabi/9.2.0/../../../../arm-none-eabi/lib/thumb/v6-m/nofp/libc_nano.a(lib_a-fini.o)
__init_array_end                                  /usr/lib/gcc/arm-none-eabi/9.2.0/../../../../arm-none-eabi/lib/thumb/v6-m/nofp/libc_nano.a(lib_a-init.o)
__init_array_start                                /usr/lib/gcc/arm-none-eabi/9.2.0/../../../../arm-none-eabi/lib/thumb/v6-m/nofp/libc_nano.a(lib_a-init.o)
__libc_fini_array                                 /usr/lib/gcc/arm-none-eabi/9.2.0/../../../../arm-none-eabi/lib/thumb/v6-m/nofp/libc_nano.a(lib_a-fini.o)
                                                  /usr/lib/gcc/arm-none-eabi/9.2.0/../../../../arm-none-eabi/lib/thumb/v6-m/nofp/crt0.o
__libc_init_array                                 /usr/lib/gcc/arm-none-eabi/9.2.0/../../../../arm-none-eabi/lib/thumb/v6-m/nofp/libc_nano.a(lib_a-init.o)
                                                  build/startup_stm32f051x8.o
                                                  /usr/lib/gcc/arm-none-eabi/9.2.0/../../../../arm-none-eabi/lib/thumb/v6-m/nofp/crt0.o
__lock___arc4random_mutex                         /usr/lib/gcc/arm-none-eabi/9.2.0/../../../../arm-none-eabi/lib/thumb/v6-m/nofp/libc_nano.a(lib_a-lock.o)
__lock___at_quick_exit_mutex                      /usr/lib/gcc/arm-none-eabi/9.2.0/../../../../arm-none-eabi/lib/thumb/v6-m/nofp/libc_nano.a(lib_a-lock.o)
__lock___atexit_recursive_mutex                   /usr/lib/gcc/arm-none-eabi/9.2.0/../../../../arm-none-eabi/lib/thumb/v6-m/nofp/libc_nano.a(lib_a-lock.o)
                                                  /usr/lib/gcc/arm-none-eabi/9.2.0/../../../../arm-none-eabi/lib/thumb/v6-m/nofp/libc_nano.a(lib_a-__call_atexit.o)
__lock___dd_hash_mutex                            /usr/lib/gcc/arm-none-eabi/9.2.0/../../../../arm-none-eabi/lib/thumb/v6-m/nofp/libc_nano.a(lib_a-lock.o)
__lock___env_recursive_mutex                      /usr/lib/gcc/arm-none-eabi/9.2.0/../../../../arm-none-eabi/lib/thumb/v6-m/nofp/libc_nano.a(lib_a-lock.o)
__lock___malloc_recursive_mutex                   /usr/lib/gcc/arm-none-eabi/9.2.0/../../../../arm-none-eabi/lib/thumb/v6-m/nofp/libc_nano.a(lib_a-lock.o)
__lock___sfp_recursive_mutex                      /usr/lib/gcc/arm-none-eabi/9.2.0/../../../../arm-none-eabi/lib/thumb/v6-m/nofp/libc_nano.a(lib_a-lock.o)
__lock___sinit_recursive_mutex                    /usr/lib/gcc/arm-none-eabi/9.2.0/../../../../arm-none-eabi/lib/thumb/v6-m/nofp/libc_nano.a(lib_a-lock.o)
__lock___tz_mutex                                 /usr/lib/gcc/arm-none-eabi/9.2.0/../../../../arm-none-eabi/lib/thumb/v6-m/nofp/libc_nano.a(lib_a-lock.o)
__on_exit_args                                    /usr/lib/gcc/arm-none-eabi/9.2.0/../../../../arm-none-eabi/lib/thumb/v6-m/nofp/libc_nano.a(lib_a-__atexit.o)
__preinit_array_end                               /usr/lib/gcc/arm-none-eabi/9.2.0/../../../../arm-none-eabi/lib/thumb/v6-m/nofp/libc_nano.a(lib_a-init.o)
__preinit_array_start                             /usr/lib/gcc/arm-none-eabi/9.2.0/../../../../arm-none-eabi/lib/thumb/v6-m/nofp/libc_nano.a(lib_a-init.o)
__register_exitproc                               /usr/lib/gcc/arm-none-eabi/9.2.0/../../../../arm-none-eabi/lib/thumb/v6-m/nofp/libc_nano.a(lib_a-__atexit.o)
                                                  /usr/lib/gcc/arm-none-eabi/9.2.0/../../../../arm-none-eabi/lib/thumb/v6-m/nofp/libc_nano.a(lib_a-atexit.o)
__register_frame_info                             /usr/lib/gcc/arm-none-eabi/9.2.0/thumb/v6-m/nofp/crtbegin.o
__retarget_lock_acquire                           /usr/lib/gcc/arm-none-eabi/9.2.0/../../../../arm-none-eabi/lib/thumb/v6-m/nofp/libc_nano.a(lib_a-lock.o)
__retarget_lock_acquire_recursive                 /usr/lib/gcc/arm-none-eabi/9.2.0/../../../../arm-none-eabi/lib/thumb/v6-m/nofp/libc_nano.a(lib_a-lock.o)
                                                  /usr/lib/gcc/arm-none-eabi/9.2.0/../../../../arm-none-eabi/lib/thumb/v6-m/nofp/libc_nano.a(lib_a-__call_atexit.o)
                                                  /usr/lib/gcc/arm-none-eabi/9.2.0/../../../../arm-none-eabi/lib/thumb/v6-m/nofp/libc_nano.a(lib_a-__atexit.o)
__retarget_lock_close                             /usr/lib/gcc/arm-none-eabi/9.2.0/../../../../arm-none-eabi/lib/thumb/v6-m/nofp/libc_nano.a(lib_a-lock.o)
__retarget_lock_close_recursive                   /usr/lib/gcc/arm-none-eabi/9.2.0/../../../../arm-none-eabi/lib/thumb/v6-m/nofp/libc_nano.a(lib_a-lock.o)
__retarget_lock_init                              /usr/lib/gcc/arm-none-eabi/9.2.0/../../../../arm-none-eabi/lib/thumb/v6-m/nofp/libc_nano.a(lib_a-lock.o)
__retarget_lock_init_recursive                    /usr/lib/gcc/arm-none-eabi/9.2.0/../../../../arm-none-eabi/lib/thumb/v6-m/nofp/libc_nano.a(lib_a-lock.o)
__retarget_lock_release                           /usr/lib/gcc/arm-none-eabi/9.2.0/../../../../arm-none-eabi/lib/thumb/v6-m/nofp/libc_nano.a(lib_a-lock.o)
                                                  /usr/lib/gcc/arm-none-eabi/9.2.0/../../../../arm-none-eabi/lib/thumb/v6-m/nofp/libc_nano.a(lib_a-__atexit.o)
__retarget_lock_release_recursive                 /usr/lib/gcc/arm-none-eabi/9.2.0/../../../../arm-none-eabi/lib/thumb/v6-m/nofp/libc_nano.a(lib_a-lock.o)
                                                  /usr/lib/gcc/arm-none-eabi/9.2.0/../../../../arm-none-eabi/lib/thumb/v6-m/nofp/libc_nano.a(lib_a-__call_atexit.o)
                                                  /usr/lib/gcc/arm-none-eabi/9.2.0/../../../../arm-none-eabi/lib/thumb/v6-m/nofp/libc_nano.a(lib_a-__atexit.o)
__retarget_lock_try_acquire                       /usr/lib/gcc/arm-none-eabi/9.2.0/../../../../arm-none-eabi/lib/thumb/v6-m/nofp/libc_nano.a(lib_a-lock.o)
__retarget_lock_try_acquire_recursive             /usr/lib/gcc/arm-none-eabi/9.2.0/../../../../arm-none-eabi/lib/thumb/v6-m/nofp/libc_nano.a(lib_a-lock.o)
__sf_fake_stderr                                  /usr/lib/gcc/arm-none-eabi/9.2.0/../../../../arm-none-eabi/lib/thumb/v6-m/nofp/libc_nano.a(lib_a-impure.o)
__sf_fake_stdin                                   /usr/lib/gcc/arm-none-eabi/9.2.0/../../../../arm-none-eabi/lib/thumb/v6-m/nofp/libc_nano.a(lib_a-impure.o)
__sf_fake_stdout                                  /usr/lib/gcc/arm-none-eabi/9.2.0/../../../../arm-none-eabi/lib/thumb/v6-m/nofp/libc_nano.a(lib_a-impure.o)
__stack                                           /usr/lib/gcc/arm-none-eabi/9.2.0/../../../../arm-none-eabi/lib/thumb/v6-m/nofp/crt0.o
__udivsi3                                         /usr/lib/gcc/arm-none-eabi/9.2.0/thumb/v6-m/nofp/libgcc.a(_udivsi3.o)
_ebss                                             build/startup_stm32f051x8.o
_edata                                            build/startup_stm32f051x8.o
_estack                                           build/startup_stm32f051x8.o
_exit                                             /usr/lib/gcc/arm-none-eabi/9.2.0/../../../../arm-none-eabi/lib/thumb/v6-m/nofp/libnosys.a(_exit.o)
                                                  /usr/lib/gcc/arm-none-eabi/9.2.0/../../../../arm-none-eabi/lib/thumb/v6-m/nofp/libc_nano.a(lib_a-exit.o)
_fini                                             /usr/lib/gcc/arm-none-eabi/9.2.0/thumb/v6-m/nofp/crti.o
                                                  /usr/lib/gcc/arm-none-eabi/9.2.0/../../../../arm-none-eabi/lib/thumb/v6-m/nofp/libc_nano.a(lib_a-fini.o)
_global_atexit                                    /usr/lib/gcc/arm-none-eabi/9.2.0/../../../../arm-none-eabi/lib/thumb/v6-m/nofp/libc_nano.a(lib_a-__call_atexit.o)
                                                  /usr/lib/gcc/arm-none-eabi/9.2.0/../../../../arm-none-eabi/lib/thumb/v6-m/nofp/libc_nano.a(lib_a-__atexit.o)
_global_impure_ptr                                /usr/lib/gcc/arm-none-eabi/9.2.0/../../../../arm-none-eabi/lib/thumb/v6-m/nofp/libc_nano.a(lib_a-impure.o)
                                                  /usr/lib/gcc/arm-none-eabi/9.2.0/../../../../arm-none-eabi/lib/thumb/v6-m/nofp/libc_nano.a(lib_a-exit.o)
_impure_ptr                                       /usr/lib/gcc/arm-none-eabi/9.2.0/../../../../arm-none-eabi/lib/thumb/v6-m/nofp/libc_nano.a(lib_a-impure.o)
_init                                             /usr/lib/gcc/arm-none-eabi/9.2.0/thumb/v6-m/nofp/crti.o
                                                  /usr/lib/gcc/arm-none-eabi/9.2.0/../../../../arm-none-eabi/lib/thumb/v6-m/nofp/libc_nano.a(lib_a-init.o)
_mainCRTStartup                                   /usr/lib/gcc/arm-none-eabi/9.2.0/../../../../arm-none-eabi/lib/thumb/v6-m/nofp/crt0.o
_sbss                                             build/startup_stm32f051x8.o
_sdata                                            build/startup_stm32f051x8.o
_sidata                                           build/startup_stm32f051x8.o
_start                                            /usr/lib/gcc/arm-none-eabi/9.2.0/../../../../arm-none-eabi/lib/thumb/v6-m/nofp/crt0.o
atexit                                            /usr/lib/gcc/arm-none-eabi/9.2.0/../../../../arm-none-eabi/lib/thumb/v6-m/nofp/libc_nano.a(lib_a-atexit.o)
                                                  /usr/lib/gcc/arm-none-eabi/9.2.0/../../../../arm-none-eabi/lib/thumb/v6-m/nofp/crt0.o
counter                                           build/main.o
exit                                              /usr/lib/gcc/arm-none-eabi/9.2.0/../../../../arm-none-eabi/lib/thumb/v6-m/nofp/libc_nano.a(lib_a-exit.o)
                                                  /usr/lib/gcc/arm-none-eabi/9.2.0/../../../../arm-none-eabi/lib/thumb/v6-m/nofp/crt0.o
g_pfnVectors                                      build/startup_stm32f051x8.o
hardware_init_hook                                /usr/lib/gcc/arm-none-eabi/9.2.0/../../../../arm-none-eabi/lib/thumb/v6-m/nofp/crt0.o
main                                              build/main.o
                                                  build/startup_stm32f051x8.o
                                                  /usr/lib/gcc/arm-none-eabi/9.2.0/../../../../arm-none-eabi/lib/thumb/v6-m/nofp/crt0.o
malloc                                            /usr/lib/gcc/arm-none-eabi/9.2.0/../../../../arm-none-eabi/lib/thumb/v6-m/nofp/libc_nano.a(lib_a-__atexit.o)
memset                                            /usr/lib/gcc/arm-none-eabi/9.2.0/../../../../arm-none-eabi/lib/thumb/v6-m/nofp/libc_nano.a(lib_a-memset.o)
                                                  /usr/lib/gcc/arm-none-eabi/9.2.0/../../../../arm-none-eabi/lib/thumb/v6-m/nofp/crt0.o
software_init_hook                                /usr/lib/gcc/arm-none-eabi/9.2.0/../../../../arm-none-eabi/lib/thumb/v6-m/nofp/crt0.o
state                                             build/main.o
