<html>
<body>
<pre>
<h1>µVision Build Log</h1>
<h2>Project:</h2>
C:\Users\ekizm\Desktop\Dalga Jeneratoru Kaynak Kodlarim\Project\Peripheral_Examples\Systick\MDK-ARM\Systick.uvproj
Project File Date:  11/12/2019

<h2>Output:</h2>
Build target 'Systick'
compiling main.c...
compiling stm32f0xx_it.c...
compiling system_stm32f0xx.c...
compiling stm32f0_discovery.c...
compiling stm32f0xx_rcc.c...
compiling stm32f0xx_misc.c...
compiling stm32f0xx_gpio.c...
compiling stm32f0xx_syscfg.c...
compiling stm32f0xx_exti.c...
assembling startup_stm32f0xx.s...
linking...
Program Size: Code=796 RO-data=252 RW-data=36 ZI-data=1028  
".\Systick\Systick.axf" - 0 Error(s), 0 Warning(s).
Load "C:\\Users\\ekizm\\Desktop\\Dalga Jeneratoru Kaynak Kodlarim\\Project\\Peripheral_Examples\\Systick\\MDK-ARM\\Systick\\Systick.axf" 
No Algorithm found for: 08000000H - 0800043BH
Erase skipped!
Error: Flash Download failed  -  "Cortex-M0"
Load "C:\\Users\\ekizm\\Desktop\\Dalga Jeneratoru Kaynak Kodlarim\\Project\\Peripheral_Examples\\Systick\\MDK-ARM\\Systick\\Systick.axf" 
Erase Done.
Programming Done.
Verify OK.
</pre>
</body>
</html>
