<html>
<body>
<pre>
<h1>µVision Build Log</h1>
<h2>Project:</h2>
C:\Users\ekizm\Desktop\Dalga Jeneratoru Kaynak Kodlarim\Project\Peripheral_Examples\EXTI\MDK-ARM\EXTI.uvproj
Project File Date:  11/12/2019

<h2>Output:</h2>
Build target 'EXTI'
compiling main.c...
compiling stm32f0xx_it.c...
compiling system_stm32f0xx.c...
compiling stm32f0_discovery.c...
compiling stm32f0xx_rcc.c...
compiling stm32f0xx_misc.c...
compiling stm32f0xx_gpio.c...
compiling stm32f0xx_syscfg.c...
compiling stm32f0xx_exti.c...
assembling startup_stm32f0xx.s...
linking...
Program Size: Code=1000 RO-data=252 RW-data=12 ZI-data=1028  
".\EXTI\EXTI.axf" - 0 Error(s), 0 Warning(s).
Load "C:\\Users\\ekizm\\Desktop\\Dalga Jeneratoru Kaynak Kodlarim\\Project\\Peripheral_Examples\\EXTI\\MDK-ARM\\EXTI\\EXTI.axf" 

Cannot load driver 'C:\Keil\ARM\STLink\ST-LINKIII-KEIL.dll'.

Possible Reasons:
 - Driver DLL could not be found in the specified path
 - Driver DLL requires additional DLL's which are not installed
 - Required Hardware Drivers are not installed
Error: Flash Download failed  -  C:\Keil\ARM\STLink\ST-LINKIII-KEIL.dll
Load "C:\\Users\\ekizm\\Desktop\\Dalga Jeneratoru Kaynak Kodlarim\\Project\\Peripheral_Examples\\EXTI\\MDK-ARM\\EXTI\\EXTI.axf" 
Erase Done.
Programming Done.
Verify OK.
</pre>
</body>
</html>
