ARM Linker, 5.03 [Build 69] [MDK-ARM Lite]

==============================================================================

Section Cross References

    main.o(i.Delay) refers to stm32f0xx_it.o(.data) for TimingDelay
    main.o(i.RTC_Config) refers to stm32f0xx_rcc.o(i.RCC_APB1PeriphClockCmd) for RCC_APB1PeriphClockCmd
    main.o(i.RTC_Config) refers to stm32f0xx_pwr.o(i.PWR_BackupAccessCmd) for PWR_BackupAccessCmd
    main.o(i.RTC_Config) refers to stm32f0xx_rcc.o(i.RCC_LSICmd) for RCC_LSICmd
    main.o(i.RTC_Config) refers to stm32f0xx_rcc.o(i.RCC_GetFlagStatus) for RCC_GetFlagStatus
    main.o(i.RTC_Config) refers to stm32f0xx_rcc.o(i.RCC_RTCCLKConfig) for RCC_RTCCLKConfig
    main.o(i.RTC_Config) refers to stm32f0xx_rcc.o(i.RCC_RTCCLKCmd) for RCC_RTCCLKCmd
    main.o(i.RTC_Config) refers to stm32f0xx_rtc.o(i.RTC_WaitForSynchro) for RTC_WaitForSynchro
    main.o(i.RTC_Config) refers to stm32f0xx_rtc.o(i.RTC_Init) for RTC_Init
    main.o(i.RTC_Config) refers to stm32f0xx_exti.o(i.EXTI_ClearITPendingBit) for EXTI_ClearITPendingBit
    main.o(i.RTC_Config) refers to stm32f0xx_exti.o(i.EXTI_Init) for EXTI_Init
    main.o(i.RTC_Config) refers to stm32f0xx_misc.o(i.NVIC_Init) for NVIC_Init
    main.o(i.RTC_Config) refers to stm32f0xx_rtc.o(i.RTC_SetAlarm) for RTC_SetAlarm
    main.o(i.RTC_Config) refers to stm32f0xx_rtc.o(i.RTC_AlarmCmd) for RTC_AlarmCmd
    main.o(i.RTC_Config) refers to stm32f0xx_rtc.o(i.RTC_ITConfig) for RTC_ITConfig
    main.o(i.RTC_Config) refers to stm32f0xx_rtc.o(i.RTC_SetTime) for RTC_SetTime
    main.o(i.RTC_Config) refers to stm32f0xx_rtc.o(i.RTC_ClearITPendingBit) for RTC_ClearITPendingBit
    main.o(i.SYSCLKConfig_STOP) refers to stm32f0xx_rcc.o(i.RCC_HSEConfig) for RCC_HSEConfig
    main.o(i.SYSCLKConfig_STOP) refers to stm32f0xx_rcc.o(i.RCC_GetFlagStatus) for RCC_GetFlagStatus
    main.o(i.SYSCLKConfig_STOP) refers to stm32f0xx_rcc.o(i.RCC_PLLCmd) for RCC_PLLCmd
    main.o(i.SYSCLKConfig_STOP) refers to stm32f0xx_rcc.o(i.RCC_SYSCLKConfig) for RCC_SYSCLKConfig
    main.o(i.SYSCLKConfig_STOP) refers to stm32f0xx_rcc.o(i.RCC_GetSYSCLKSource) for RCC_GetSYSCLKSource
    main.o(i.SysTick_Configuration) refers to main.o(i.NVIC_SetPriority) for NVIC_SetPriority
    main.o(i.SysTick_Configuration) refers to stm32f0xx_misc.o(i.SysTick_CLKSourceConfig) for SysTick_CLKSourceConfig
    main.o(i.SysTick_Configuration) refers to system_stm32f0xx.o(.data) for SystemCoreClock
    main.o(i.main) refers to stm32f0xx_rcc.o(i.RCC_AHBPeriphClockCmd) for RCC_AHBPeriphClockCmd
    main.o(i.main) refers to stm32f0xx_gpio.o(i.GPIO_Init) for GPIO_Init
    main.o(i.main) refers to stm32f0xx_rcc.o(i.RCC_MCOConfig) for RCC_MCOConfig
    main.o(i.main) refers to stm32f0_discovery.o(i.STM_EVAL_PBInit) for STM_EVAL_PBInit
    main.o(i.main) refers to stm32f0_discovery.o(i.STM_EVAL_LEDInit) for STM_EVAL_LEDInit
    main.o(i.main) refers to main.o(i.SysTick_Configuration) for SysTick_Configuration
    main.o(i.main) refers to main.o(i.Delay) for Delay
    main.o(i.main) refers to main.o(i.RTC_Config) for RTC_Config
    main.o(i.main) refers to stm32f0_discovery.o(i.STM_EVAL_LEDOff) for STM_EVAL_LEDOff
    main.o(i.main) refers to stm32f0xx_pwr.o(i.PWR_EnterSTOPMode) for PWR_EnterSTOPMode
    main.o(i.main) refers to stm32f0xx_rtc.o(i.RTC_ITConfig) for RTC_ITConfig
    main.o(i.main) refers to stm32f0xx_rtc.o(i.RTC_AlarmCmd) for RTC_AlarmCmd
    main.o(i.main) refers to main.o(i.SYSCLKConfig_STOP) for SYSCLKConfig_STOP
    stm32f0xx_it.o(i.EXTI0_1_IRQHandler) refers to stm32f0xx_exti.o(i.EXTI_GetITStatus) for EXTI_GetITStatus
    stm32f0xx_it.o(i.EXTI0_1_IRQHandler) refers to stm32f0xx_exti.o(i.EXTI_ClearITPendingBit) for EXTI_ClearITPendingBit
    stm32f0xx_it.o(i.EXTI0_1_IRQHandler) refers to stm32f0_discovery.o(i.STM_EVAL_LEDOn) for STM_EVAL_LEDOn
    stm32f0xx_it.o(i.RTC_IRQHandler) refers to stm32f0xx_rtc.o(i.RTC_GetITStatus) for RTC_GetITStatus
    stm32f0xx_it.o(i.RTC_IRQHandler) refers to stm32f0_discovery.o(i.STM_EVAL_LEDOff) for STM_EVAL_LEDOff
    stm32f0xx_it.o(i.RTC_IRQHandler) refers to stm32f0xx_rtc.o(i.RTC_ClearITPendingBit) for RTC_ClearITPendingBit
    stm32f0xx_it.o(i.RTC_IRQHandler) refers to stm32f0xx_exti.o(i.EXTI_ClearITPendingBit) for EXTI_ClearITPendingBit
    stm32f0xx_it.o(i.SysTick_Handler) refers to stm32f0_discovery.o(i.STM_EVAL_LEDToggle) for STM_EVAL_LEDToggle
    stm32f0xx_it.o(i.SysTick_Handler) refers to stm32f0xx_it.o(.data) for .data
    system_stm32f0xx.o(i.SystemCoreClockUpdate) refers to uidiv.o(.text) for __aeabi_uidivmod
    system_stm32f0xx.o(i.SystemCoreClockUpdate) refers to system_stm32f0xx.o(.data) for .data
    system_stm32f0xx.o(i.SystemInit) refers to system_stm32f0xx.o(i.SetSysClock) for SetSysClock
    stm32f0_discovery.o(i.STM_EVAL_LEDInit) refers to stm32f0xx_rcc.o(i.RCC_AHBPeriphClockCmd) for RCC_AHBPeriphClockCmd
    stm32f0_discovery.o(i.STM_EVAL_LEDInit) refers to stm32f0xx_gpio.o(i.GPIO_Init) for GPIO_Init
    stm32f0_discovery.o(i.STM_EVAL_LEDInit) refers to stm32f0_discovery.o(.constdata) for .constdata
    stm32f0_discovery.o(i.STM_EVAL_LEDInit) refers to stm32f0_discovery.o(.data) for .data
    stm32f0_discovery.o(i.STM_EVAL_LEDOff) refers to stm32f0_discovery.o(.constdata) for .constdata
    stm32f0_discovery.o(i.STM_EVAL_LEDOff) refers to stm32f0_discovery.o(.data) for .data
    stm32f0_discovery.o(i.STM_EVAL_LEDOn) refers to stm32f0_discovery.o(.constdata) for .constdata
    stm32f0_discovery.o(i.STM_EVAL_LEDOn) refers to stm32f0_discovery.o(.data) for .data
    stm32f0_discovery.o(i.STM_EVAL_LEDToggle) refers to stm32f0_discovery.o(.data) for .data
    stm32f0_discovery.o(i.STM_EVAL_LEDToggle) refers to stm32f0_discovery.o(.constdata) for .constdata
    stm32f0_discovery.o(i.STM_EVAL_PBGetState) refers to stm32f0xx_gpio.o(i.GPIO_ReadInputDataBit) for GPIO_ReadInputDataBit
    stm32f0_discovery.o(i.STM_EVAL_PBGetState) refers to stm32f0_discovery.o(.constdata) for .constdata
    stm32f0_discovery.o(i.STM_EVAL_PBGetState) refers to stm32f0_discovery.o(.data) for .data
    stm32f0_discovery.o(i.STM_EVAL_PBInit) refers to stm32f0xx_rcc.o(i.RCC_AHBPeriphClockCmd) for RCC_AHBPeriphClockCmd
    stm32f0_discovery.o(i.STM_EVAL_PBInit) refers to stm32f0xx_rcc.o(i.RCC_APB2PeriphClockCmd) for RCC_APB2PeriphClockCmd
    stm32f0_discovery.o(i.STM_EVAL_PBInit) refers to stm32f0xx_gpio.o(i.GPIO_Init) for GPIO_Init
    stm32f0_discovery.o(i.STM_EVAL_PBInit) refers to stm32f0xx_syscfg.o(i.SYSCFG_EXTILineConfig) for SYSCFG_EXTILineConfig
    stm32f0_discovery.o(i.STM_EVAL_PBInit) refers to stm32f0xx_exti.o(i.EXTI_Init) for EXTI_Init
    stm32f0_discovery.o(i.STM_EVAL_PBInit) refers to stm32f0xx_misc.o(i.NVIC_Init) for NVIC_Init
    stm32f0_discovery.o(i.STM_EVAL_PBInit) refers to stm32f0_discovery.o(.constdata) for .constdata
    stm32f0_discovery.o(i.STM_EVAL_PBInit) refers to stm32f0_discovery.o(.data) for .data
    stm32f0xx_rcc.o(i.RCC_GetClocksFreq) refers to uidiv.o(.text) for __aeabi_uidivmod
    stm32f0xx_rcc.o(i.RCC_GetClocksFreq) refers to stm32f0xx_rcc.o(.data) for .data
    stm32f0xx_rcc.o(i.RCC_WaitForHSEStartUp) refers to stm32f0xx_rcc.o(i.RCC_GetFlagStatus) for RCC_GetFlagStatus
    stm32f0xx_gpio.o(i.GPIO_DeInit) refers to stm32f0xx_rcc.o(i.RCC_AHBPeriphResetCmd) for RCC_AHBPeriphResetCmd
    stm32f0xx_pwr.o(i.PWR_DeInit) refers to stm32f0xx_rcc.o(i.RCC_APB1PeriphResetCmd) for RCC_APB1PeriphResetCmd
    stm32f0xx_rtc.o(i.RTC_DeInit) refers to stm32f0xx_rtc.o(i.RTC_EnterInitMode) for RTC_EnterInitMode
    stm32f0xx_rtc.o(i.RTC_DeInit) refers to stm32f0xx_rtc.o(i.RTC_WaitForSynchro) for RTC_WaitForSynchro
    stm32f0xx_rtc.o(i.RTC_GetAlarm) refers to stm32f0xx_rtc.o(i.RTC_Bcd2ToByte) for RTC_Bcd2ToByte
    stm32f0xx_rtc.o(i.RTC_GetDate) refers to stm32f0xx_rtc.o(i.RTC_Bcd2ToByte) for RTC_Bcd2ToByte
    stm32f0xx_rtc.o(i.RTC_GetTime) refers to stm32f0xx_rtc.o(i.RTC_Bcd2ToByte) for RTC_Bcd2ToByte
    stm32f0xx_rtc.o(i.RTC_GetTimeStamp) refers to stm32f0xx_rtc.o(i.RTC_Bcd2ToByte) for RTC_Bcd2ToByte
    stm32f0xx_rtc.o(i.RTC_Init) refers to stm32f0xx_rtc.o(i.RTC_EnterInitMode) for RTC_EnterInitMode
    stm32f0xx_rtc.o(i.RTC_Init) refers to stm32f0xx_rtc.o(i.RTC_ExitInitMode) for RTC_ExitInitMode
    stm32f0xx_rtc.o(i.RTC_RefClockCmd) refers to stm32f0xx_rtc.o(i.RTC_EnterInitMode) for RTC_EnterInitMode
    stm32f0xx_rtc.o(i.RTC_RefClockCmd) refers to stm32f0xx_rtc.o(i.RTC_ExitInitMode) for RTC_ExitInitMode
    stm32f0xx_rtc.o(i.RTC_SetAlarm) refers to stm32f0xx_rtc.o(i.RTC_Bcd2ToByte) for RTC_Bcd2ToByte
    stm32f0xx_rtc.o(i.RTC_SetAlarm) refers to stm32f0xx_rtc.o(i.RTC_ByteToBcd2) for RTC_ByteToBcd2
    stm32f0xx_rtc.o(i.RTC_SetDate) refers to stm32f0xx_rtc.o(i.RTC_Bcd2ToByte) for RTC_Bcd2ToByte
    stm32f0xx_rtc.o(i.RTC_SetDate) refers to stm32f0xx_rtc.o(i.RTC_ByteToBcd2) for RTC_ByteToBcd2
    stm32f0xx_rtc.o(i.RTC_SetDate) refers to stm32f0xx_rtc.o(i.RTC_EnterInitMode) for RTC_EnterInitMode
    stm32f0xx_rtc.o(i.RTC_SetDate) refers to stm32f0xx_rtc.o(i.RTC_ExitInitMode) for RTC_ExitInitMode
    stm32f0xx_rtc.o(i.RTC_SetDate) refers to stm32f0xx_rtc.o(i.RTC_WaitForSynchro) for RTC_WaitForSynchro
    stm32f0xx_rtc.o(i.RTC_SetTime) refers to stm32f0xx_rtc.o(i.RTC_Bcd2ToByte) for RTC_Bcd2ToByte
    stm32f0xx_rtc.o(i.RTC_SetTime) refers to stm32f0xx_rtc.o(i.RTC_ByteToBcd2) for RTC_ByteToBcd2
    stm32f0xx_rtc.o(i.RTC_SetTime) refers to stm32f0xx_rtc.o(i.RTC_EnterInitMode) for RTC_EnterInitMode
    stm32f0xx_rtc.o(i.RTC_SetTime) refers to stm32f0xx_rtc.o(i.RTC_ExitInitMode) for RTC_ExitInitMode
    stm32f0xx_rtc.o(i.RTC_SetTime) refers to stm32f0xx_rtc.o(i.RTC_WaitForSynchro) for RTC_WaitForSynchro
    stm32f0xx_rtc.o(i.RTC_SynchroShiftConfig) refers to stm32f0xx_rtc.o(i.RTC_WaitForSynchro) for RTC_WaitForSynchro
    startup_stm32f0xx.o(RESET) refers to startup_stm32f0xx.o(STACK) for __initial_sp
    startup_stm32f0xx.o(RESET) refers to startup_stm32f0xx.o(.text) for Reset_Handler
    startup_stm32f0xx.o(RESET) refers to stm32f0xx_it.o(i.NMI_Handler) for NMI_Handler
    startup_stm32f0xx.o(RESET) refers to stm32f0xx_it.o(i.HardFault_Handler) for HardFault_Handler
    startup_stm32f0xx.o(RESET) refers to stm32f0xx_it.o(i.SVC_Handler) for SVC_Handler
    startup_stm32f0xx.o(RESET) refers to stm32f0xx_it.o(i.PendSV_Handler) for PendSV_Handler
    startup_stm32f0xx.o(RESET) refers to stm32f0xx_it.o(i.SysTick_Handler) for SysTick_Handler
    startup_stm32f0xx.o(RESET) refers to stm32f0xx_it.o(i.RTC_IRQHandler) for RTC_IRQHandler
    startup_stm32f0xx.o(RESET) refers to stm32f0xx_it.o(i.EXTI0_1_IRQHandler) for EXTI0_1_IRQHandler
    startup_stm32f0xx.o(.text) refers to system_stm32f0xx.o(i.SystemInit) for SystemInit
    startup_stm32f0xx.o(.text) refers to entry.o(.ARM.Collect$$$$00000000) for __main
    entry.o(.ARM.Collect$$$$00000000) refers (Special) to entry10a.o(.ARM.Collect$$$$0000000D) for __rt_final_cpp
    entry.o(.ARM.Collect$$$$00000000) refers (Special) to entry11a.o(.ARM.Collect$$$$0000000F) for __rt_final_exit
    entry.o(.ARM.Collect$$$$00000000) refers (Special) to entry7b.o(.ARM.Collect$$$$00000008) for _main_clock
    entry.o(.ARM.Collect$$$$00000000) refers (Special) to entry8b.o(.ARM.Collect$$$$0000000A) for _main_cpp_init
    entry.o(.ARM.Collect$$$$00000000) refers (Special) to entry9a.o(.ARM.Collect$$$$0000000B) for _main_init
    entry.o(.ARM.Collect$$$$00000000) refers (Special) to entry5.o(.ARM.Collect$$$$00000004) for _main_scatterload
    entry.o(.ARM.Collect$$$$00000000) refers (Special) to entry2.o(.ARM.Collect$$$$00000001) for _main_stk
    entry2.o(.ARM.Collect$$$$00000001) refers to entry2.o(.ARM.Collect$$$$00002712) for __lit__00000000
    entry2.o(.ARM.Collect$$$$00002712) refers to startup_stm32f0xx.o(STACK) for __initial_sp
    entry2.o(__vectab_stack_and_reset_area) refers to startup_stm32f0xx.o(STACK) for __initial_sp
    entry2.o(__vectab_stack_and_reset_area) refers to entry.o(.ARM.Collect$$$$00000000) for __main
    entry5.o(.ARM.Collect$$$$00000004) refers to init.o(.text) for __scatterload
    entry9a.o(.ARM.Collect$$$$0000000B) refers to main.o(i.main) for main
    entry9b.o(.ARM.Collect$$$$0000000C) refers to main.o(i.main) for main
    init.o(.text) refers to entry5.o(.ARM.Collect$$$$00000004) for __main_after_scatterload


==============================================================================

Removing Unused input sections from the image.

    Removing main.o(.emb_text), (8 bytes).
    Removing stm32f0xx_it.o(.emb_text), (8 bytes).
    Removing system_stm32f0xx.o(.emb_text), (8 bytes).
    Removing system_stm32f0xx.o(i.SystemCoreClockUpdate), (108 bytes).
    Removing stm32f0_discovery.o(.emb_text), (8 bytes).
    Removing stm32f0_discovery.o(i.STM_EVAL_PBGetState), (28 bytes).
    Removing stm32f0xx_rcc.o(.emb_text), (8 bytes).
    Removing stm32f0xx_rcc.o(i.RCC_ADCCLKConfig), (44 bytes).
    Removing stm32f0xx_rcc.o(i.RCC_AHBPeriphResetCmd), (24 bytes).
    Removing stm32f0xx_rcc.o(i.RCC_APB1PeriphResetCmd), (24 bytes).
    Removing stm32f0xx_rcc.o(i.RCC_APB2PeriphResetCmd), (24 bytes).
    Removing stm32f0xx_rcc.o(i.RCC_AdjustHSI14CalibrationValue), (20 bytes).
    Removing stm32f0xx_rcc.o(i.RCC_AdjustHSICalibrationValue), (20 bytes).
    Removing stm32f0xx_rcc.o(i.RCC_BackupResetCmd), (28 bytes).
    Removing stm32f0xx_rcc.o(i.RCC_CECCLKConfig), (24 bytes).
    Removing stm32f0xx_rcc.o(i.RCC_ClearFlag), (20 bytes).
    Removing stm32f0xx_rcc.o(i.RCC_ClearITPendingBit), (12 bytes).
    Removing stm32f0xx_rcc.o(i.RCC_ClockSecuritySystemCmd), (28 bytes).
    Removing stm32f0xx_rcc.o(i.RCC_DeInit), (92 bytes).
    Removing stm32f0xx_rcc.o(i.RCC_GetClocksFreq), (232 bytes).
    Removing stm32f0xx_rcc.o(i.RCC_GetITStatus), (20 bytes).
    Removing stm32f0xx_rcc.o(i.RCC_HCLKConfig), (20 bytes).
    Removing stm32f0xx_rcc.o(i.RCC_HSI14ADCRequestCmd), (24 bytes).
    Removing stm32f0xx_rcc.o(i.RCC_HSI14Cmd), (28 bytes).
    Removing stm32f0xx_rcc.o(i.RCC_HSICmd), (28 bytes).
    Removing stm32f0xx_rcc.o(i.RCC_I2CCLKConfig), (24 bytes).
    Removing stm32f0xx_rcc.o(i.RCC_ITConfig), (24 bytes).
    Removing stm32f0xx_rcc.o(i.RCC_LSEConfig), (32 bytes).
    Removing stm32f0xx_rcc.o(i.RCC_LSEDriveConfig), (24 bytes).
    Removing stm32f0xx_rcc.o(i.RCC_PCLKConfig), (20 bytes).
    Removing stm32f0xx_rcc.o(i.RCC_PLLConfig), (28 bytes).
    Removing stm32f0xx_rcc.o(i.RCC_PREDIV1Config), (20 bytes).
    Removing stm32f0xx_rcc.o(i.RCC_USARTCLKConfig), (24 bytes).
    Removing stm32f0xx_rcc.o(i.RCC_WaitForHSEStartUp), (44 bytes).
    Removing stm32f0xx_rcc.o(.data), (16 bytes).
    Removing stm32f0xx_misc.o(.emb_text), (8 bytes).
    Removing stm32f0xx_misc.o(i.NVIC_SystemLPConfig), (24 bytes).
    Removing stm32f0xx_gpio.o(.emb_text), (8 bytes).
    Removing stm32f0xx_gpio.o(i.GPIO_DeInit), (96 bytes).
    Removing stm32f0xx_gpio.o(i.GPIO_PinAFConfig), (32 bytes).
    Removing stm32f0xx_gpio.o(i.GPIO_PinLockConfig), (26 bytes).
    Removing stm32f0xx_gpio.o(i.GPIO_ReadInputData), (4 bytes).
    Removing stm32f0xx_gpio.o(i.GPIO_ReadInputDataBit), (14 bytes).
    Removing stm32f0xx_gpio.o(i.GPIO_ReadOutputData), (4 bytes).
    Removing stm32f0xx_gpio.o(i.GPIO_ReadOutputDataBit), (14 bytes).
    Removing stm32f0xx_gpio.o(i.GPIO_ResetBits), (4 bytes).
    Removing stm32f0xx_gpio.o(i.GPIO_SetBits), (4 bytes).
    Removing stm32f0xx_gpio.o(i.GPIO_StructInit), (24 bytes).
    Removing stm32f0xx_gpio.o(i.GPIO_Write), (4 bytes).
    Removing stm32f0xx_gpio.o(i.GPIO_WriteBit), (12 bytes).
    Removing stm32f0xx_syscfg.o(.emb_text), (8 bytes).
    Removing stm32f0xx_syscfg.o(i.SYSCFG_BreakConfig), (16 bytes).
    Removing stm32f0xx_syscfg.o(i.SYSCFG_ClearFlag), (16 bytes).
    Removing stm32f0xx_syscfg.o(i.SYSCFG_DMAChannelRemapConfig), (24 bytes).
    Removing stm32f0xx_syscfg.o(i.SYSCFG_DeInit), (36 bytes).
    Removing stm32f0xx_syscfg.o(i.SYSCFG_GetFlagStatus), (20 bytes).
    Removing stm32f0xx_syscfg.o(i.SYSCFG_I2CFastModePlusConfig), (24 bytes).
    Removing stm32f0xx_syscfg.o(i.SYSCFG_MemoryRemapConfig), (20 bytes).
    Removing stm32f0xx_exti.o(.emb_text), (8 bytes).
    Removing stm32f0xx_exti.o(i.EXTI_ClearFlag), (12 bytes).
    Removing stm32f0xx_exti.o(i.EXTI_DeInit), (32 bytes).
    Removing stm32f0xx_exti.o(i.EXTI_GenerateSWInterrupt), (16 bytes).
    Removing stm32f0xx_exti.o(i.EXTI_GetFlagStatus), (20 bytes).
    Removing stm32f0xx_exti.o(i.EXTI_StructInit), (14 bytes).
    Removing stm32f0xx_pwr.o(.emb_text), (8 bytes).
    Removing stm32f0xx_pwr.o(i.PWR_ClearFlag), (16 bytes).
    Removing stm32f0xx_pwr.o(i.PWR_DeInit), (22 bytes).
    Removing stm32f0xx_pwr.o(i.PWR_EnterSTANDBYMode), (40 bytes).
    Removing stm32f0xx_pwr.o(i.PWR_EnterSleepMode), (28 bytes).
    Removing stm32f0xx_pwr.o(i.PWR_GetFlagStatus), (20 bytes).
    Removing stm32f0xx_pwr.o(i.PWR_PVDCmd), (24 bytes).
    Removing stm32f0xx_pwr.o(i.PWR_PVDLevelConfig), (20 bytes).
    Removing stm32f0xx_pwr.o(i.PWR_WakeUpPinCmd), (24 bytes).
    Removing stm32f0xx_rtc.o(.emb_text), (8 bytes).
    Removing stm32f0xx_rtc.o(i.RTC_AlarmStructInit), (20 bytes).
    Removing stm32f0xx_rtc.o(i.RTC_AlarmSubSecondConfig), (32 bytes).
    Removing stm32f0xx_rtc.o(i.RTC_BypassShadowCmd), (40 bytes).
    Removing stm32f0xx_rtc.o(i.RTC_CalibOutputCmd), (40 bytes).
    Removing stm32f0xx_rtc.o(i.RTC_CalibOutputConfig), (36 bytes).
    Removing stm32f0xx_rtc.o(i.RTC_ClearFlag), (28 bytes).
    Removing stm32f0xx_rtc.o(i.RTC_DateStructInit), (14 bytes).
    Removing stm32f0xx_rtc.o(i.RTC_DayLightSavingConfig), (40 bytes).
    Removing stm32f0xx_rtc.o(i.RTC_DeInit), (88 bytes).
    Removing stm32f0xx_rtc.o(i.RTC_GetAlarm), (100 bytes).
    Removing stm32f0xx_rtc.o(i.RTC_GetAlarmSubSecond), (16 bytes).
    Removing stm32f0xx_rtc.o(i.RTC_GetDate), (72 bytes).
    Removing stm32f0xx_rtc.o(i.RTC_GetFlagStatus), (28 bytes).
    Removing stm32f0xx_rtc.o(i.RTC_GetStoreOperation), (16 bytes).
    Removing stm32f0xx_rtc.o(i.RTC_GetSubSecond), (12 bytes).
    Removing stm32f0xx_rtc.o(i.RTC_GetTime), (80 bytes).
    Removing stm32f0xx_rtc.o(i.RTC_GetTimeStamp), (136 bytes).
    Removing stm32f0xx_rtc.o(i.RTC_GetTimeStampSubSecond), (12 bytes).
    Removing stm32f0xx_rtc.o(i.RTC_OutputConfig), (40 bytes).
    Removing stm32f0xx_rtc.o(i.RTC_OutputTypeConfig), (24 bytes).
    Removing stm32f0xx_rtc.o(i.RTC_ReadBackupRegister), (20 bytes).
    Removing stm32f0xx_rtc.o(i.RTC_RefClockCmd), (60 bytes).
    Removing stm32f0xx_rtc.o(i.RTC_SetDate), (148 bytes).
    Removing stm32f0xx_rtc.o(i.RTC_SmoothCalibConfig), (64 bytes).
    Removing stm32f0xx_rtc.o(i.RTC_StructInit), (14 bytes).
    Removing stm32f0xx_rtc.o(i.RTC_SynchroShiftConfig), (76 bytes).
    Removing stm32f0xx_rtc.o(i.RTC_TamperCmd), (24 bytes).
    Removing stm32f0xx_rtc.o(i.RTC_TamperFilterConfig), (24 bytes).
    Removing stm32f0xx_rtc.o(i.RTC_TamperPinsPrechargeDuration), (24 bytes).
    Removing stm32f0xx_rtc.o(i.RTC_TamperPullUpCmd), (24 bytes).
    Removing stm32f0xx_rtc.o(i.RTC_TamperSamplingFreqConfig), (24 bytes).
    Removing stm32f0xx_rtc.o(i.RTC_TamperTriggerConfig), (24 bytes).
    Removing stm32f0xx_rtc.o(i.RTC_TimeStampCmd), (44 bytes).
    Removing stm32f0xx_rtc.o(i.RTC_TimeStampOnTamperDetectionCmd), (24 bytes).
    Removing stm32f0xx_rtc.o(i.RTC_TimeStructInit), (12 bytes).
    Removing stm32f0xx_rtc.o(i.RTC_WriteBackupRegister), (20 bytes).
    Removing stm32f0xx_rtc.o(i.RTC_WriteProtectionCmd), (24 bytes).
    Removing startup_stm32f0xx.o(HEAP), (512 bytes).

112 unused section(s) (total 3934 bytes) removed from the image.

==============================================================================

Image Symbol Table

    Local Symbols

    Symbol Name                              Value     Ov Type        Size  Object(Section)

    ../clib/microlib/division.c              0x00000000   Number         0  uidiv.o ABSOLUTE
    ../clib/microlib/init/entry.s            0x00000000   Number         0  entry8b.o ABSOLUTE
    ../clib/microlib/init/entry.s            0x00000000   Number         0  entry9a.o ABSOLUTE
    ../clib/microlib/init/entry.s            0x00000000   Number         0  entry11b.o ABSOLUTE
    ../clib/microlib/init/entry.s            0x00000000   Number         0  entry11a.o ABSOLUTE
    ../clib/microlib/init/entry.s            0x00000000   Number         0  entry10b.o ABSOLUTE
    ../clib/microlib/init/entry.s            0x00000000   Number         0  entry10a.o ABSOLUTE
    ../clib/microlib/init/entry.s            0x00000000   Number         0  entry9b.o ABSOLUTE
    ../clib/microlib/init/entry.s            0x00000000   Number         0  entry8a.o ABSOLUTE
    ../clib/microlib/init/entry.s            0x00000000   Number         0  entry7b.o ABSOLUTE
    ../clib/microlib/init/entry.s            0x00000000   Number         0  entry7a.o ABSOLUTE
    ../clib/microlib/init/entry.s            0x00000000   Number         0  entry5.o ABSOLUTE
    ../clib/microlib/init/entry.s            0x00000000   Number         0  entry.o ABSOLUTE
    ../clib/microlib/init/entry.s            0x00000000   Number         0  entry2.o ABSOLUTE
    ..\..\..\..\Libraries\CMSIS\ST\STM32F0xx\Source\Templates\arm\startup_stm32f0xx.s 0x00000000   Number         0  startup_stm32f0xx.o ABSOLUTE
    ..\..\..\..\Libraries\STM32F0xx_StdPeriph_Driver\src\stm32f0xx_exti.c 0x00000000   Number         0  stm32f0xx_exti.o ABSOLUTE
    ..\..\..\..\Libraries\STM32F0xx_StdPeriph_Driver\src\stm32f0xx_gpio.c 0x00000000   Number         0  stm32f0xx_gpio.o ABSOLUTE
    ..\..\..\..\Libraries\STM32F0xx_StdPeriph_Driver\src\stm32f0xx_misc.c 0x00000000   Number         0  stm32f0xx_misc.o ABSOLUTE
    ..\..\..\..\Libraries\STM32F0xx_StdPeriph_Driver\src\stm32f0xx_pwr.c 0x00000000   Number         0  stm32f0xx_pwr.o ABSOLUTE
    ..\..\..\..\Libraries\STM32F0xx_StdPeriph_Driver\src\stm32f0xx_rcc.c 0x00000000   Number         0  stm32f0xx_rcc.o ABSOLUTE
    ..\..\..\..\Libraries\STM32F0xx_StdPeriph_Driver\src\stm32f0xx_rtc.c 0x00000000   Number         0  stm32f0xx_rtc.o ABSOLUTE
    ..\..\..\..\Libraries\STM32F0xx_StdPeriph_Driver\src\stm32f0xx_syscfg.c 0x00000000   Number         0  stm32f0xx_syscfg.o ABSOLUTE
    ..\..\..\..\Utilities\STM32F0-Discovery\stm32f0_discovery.c 0x00000000   Number         0  stm32f0_discovery.o ABSOLUTE
    ..\\..\\..\\..\\Libraries\\STM32F0xx_StdPeriph_Driver\\src\\stm32f0xx_exti.c 0x00000000   Number         0  stm32f0xx_exti.o ABSOLUTE
    ..\\..\\..\\..\\Libraries\\STM32F0xx_StdPeriph_Driver\\src\\stm32f0xx_gpio.c 0x00000000   Number         0  stm32f0xx_gpio.o ABSOLUTE
    ..\\..\\..\\..\\Libraries\\STM32F0xx_StdPeriph_Driver\\src\\stm32f0xx_misc.c 0x00000000   Number         0  stm32f0xx_misc.o ABSOLUTE
    ..\\..\\..\\..\\Libraries\\STM32F0xx_StdPeriph_Driver\\src\\stm32f0xx_pwr.c 0x00000000   Number         0  stm32f0xx_pwr.o ABSOLUTE
    ..\\..\\..\\..\\Libraries\\STM32F0xx_StdPeriph_Driver\\src\\stm32f0xx_rcc.c 0x00000000   Number         0  stm32f0xx_rcc.o ABSOLUTE
    ..\\..\\..\\..\\Libraries\\STM32F0xx_StdPeriph_Driver\\src\\stm32f0xx_rtc.c 0x00000000   Number         0  stm32f0xx_rtc.o ABSOLUTE
    ..\\..\\..\\..\\Libraries\\STM32F0xx_StdPeriph_Driver\\src\\stm32f0xx_syscfg.c 0x00000000   Number         0  stm32f0xx_syscfg.o ABSOLUTE
    ..\\..\\..\\..\\Utilities\\STM32F0-Discovery\\stm32f0_discovery.c 0x00000000   Number         0  stm32f0_discovery.o ABSOLUTE
    ..\\main.c                               0x00000000   Number         0  main.o ABSOLUTE
    ..\\stm32f0xx_it.c                       0x00000000   Number         0  stm32f0xx_it.o ABSOLUTE
    ..\\system_stm32f0xx.c                   0x00000000   Number         0  system_stm32f0xx.o ABSOLUTE
    ..\main.c                                0x00000000   Number         0  main.o ABSOLUTE
    ..\stm32f0xx_it.c                        0x00000000   Number         0  stm32f0xx_it.o ABSOLUTE
    ..\system_stm32f0xx.c                    0x00000000   Number         0  system_stm32f0xx.o ABSOLUTE
    dc.s                                     0x00000000   Number         0  dc.o ABSOLUTE
    handlers.s                               0x00000000   Number         0  handlers.o ABSOLUTE
    init.s                                   0x00000000   Number         0  init.o ABSOLUTE
    RESET                                    0x08000000   Section      192  startup_stm32f0xx.o(RESET)
    .ARM.Collect$$$$00000000                 0x080000c0   Section        0  entry.o(.ARM.Collect$$$$00000000)
    .ARM.Collect$$$$00000001                 0x080000c0   Section        4  entry2.o(.ARM.Collect$$$$00000001)
    .ARM.Collect$$$$00000004                 0x080000c4   Section        4  entry5.o(.ARM.Collect$$$$00000004)
    .ARM.Collect$$$$00000008                 0x080000c8   Section        0  entry7b.o(.ARM.Collect$$$$00000008)
    .ARM.Collect$$$$0000000A                 0x080000c8   Section        0  entry8b.o(.ARM.Collect$$$$0000000A)
    .ARM.Collect$$$$0000000B                 0x080000c8   Section        8  entry9a.o(.ARM.Collect$$$$0000000B)
    .ARM.Collect$$$$0000000D                 0x080000d0   Section        0  entry10a.o(.ARM.Collect$$$$0000000D)
    .ARM.Collect$$$$0000000F                 0x080000d0   Section        0  entry11a.o(.ARM.Collect$$$$0000000F)
    .ARM.Collect$$$$00002712                 0x080000d0   Section        4  entry2.o(.ARM.Collect$$$$00002712)
    __lit__00000000                          0x080000d0   Data           4  entry2.o(.ARM.Collect$$$$00002712)
    .text                                    0x080000d4   Section       28  startup_stm32f0xx.o(.text)
    .text                                    0x080000f0   Section       36  init.o(.text)
    i.Delay                                  0x08000114   Section        0  main.o(i.Delay)
    i.EXTI0_1_IRQHandler                     0x08000128   Section        0  stm32f0xx_it.o(i.EXTI0_1_IRQHandler)
    i.EXTI_ClearITPendingBit                 0x08000144   Section        0  stm32f0xx_exti.o(i.EXTI_ClearITPendingBit)
    i.EXTI_GetITStatus                       0x08000150   Section        0  stm32f0xx_exti.o(i.EXTI_GetITStatus)
    i.EXTI_Init                              0x0800016c   Section        0  stm32f0xx_exti.o(i.EXTI_Init)
    i.GPIO_Init                              0x080001d8   Section        0  stm32f0xx_gpio.o(i.GPIO_Init)
    i.HardFault_Handler                      0x08000248   Section        0  stm32f0xx_it.o(i.HardFault_Handler)
    i.NMI_Handler                            0x0800024a   Section        0  stm32f0xx_it.o(i.NMI_Handler)
    i.NVIC_Init                              0x0800024c   Section        0  stm32f0xx_misc.o(i.NVIC_Init)
    i.NVIC_SetPriority                       0x0800029c   Section        0  main.o(i.NVIC_SetPriority)
    NVIC_SetPriority                         0x0800029d   Thumb Code    60  main.o(i.NVIC_SetPriority)
    i.PWR_BackupAccessCmd                    0x080002e0   Section        0  stm32f0xx_pwr.o(i.PWR_BackupAccessCmd)
    i.PWR_EnterSTOPMode                      0x080002f8   Section        0  stm32f0xx_pwr.o(i.PWR_EnterSTOPMode)
    i.PendSV_Handler                         0x08000328   Section        0  stm32f0xx_it.o(i.PendSV_Handler)
    i.RCC_AHBPeriphClockCmd                  0x0800032c   Section        0  stm32f0xx_rcc.o(i.RCC_AHBPeriphClockCmd)
    i.RCC_APB1PeriphClockCmd                 0x08000344   Section        0  stm32f0xx_rcc.o(i.RCC_APB1PeriphClockCmd)
    i.RCC_APB2PeriphClockCmd                 0x0800035c   Section        0  stm32f0xx_rcc.o(i.RCC_APB2PeriphClockCmd)
    i.RCC_GetFlagStatus                      0x08000374   Section        0  stm32f0xx_rcc.o(i.RCC_GetFlagStatus)
    i.RCC_GetSYSCLKSource                    0x080003a8   Section        0  stm32f0xx_rcc.o(i.RCC_GetSYSCLKSource)
    i.RCC_HSEConfig                          0x080003b8   Section        0  stm32f0xx_rcc.o(i.RCC_HSEConfig)
    i.RCC_LSICmd                             0x080003c8   Section        0  stm32f0xx_rcc.o(i.RCC_LSICmd)
    i.RCC_MCOConfig                          0x080003e4   Section        0  stm32f0xx_rcc.o(i.RCC_MCOConfig)
    i.RCC_PLLCmd                             0x080003f0   Section        0  stm32f0xx_rcc.o(i.RCC_PLLCmd)
    i.RCC_RTCCLKCmd                          0x0800040c   Section        0  stm32f0xx_rcc.o(i.RCC_RTCCLKCmd)
    i.RCC_RTCCLKConfig                       0x08000428   Section        0  stm32f0xx_rcc.o(i.RCC_RTCCLKConfig)
    i.RCC_SYSCLKConfig                       0x08000438   Section        0  stm32f0xx_rcc.o(i.RCC_SYSCLKConfig)
    i.RTC_AlarmCmd                           0x0800044c   Section        0  stm32f0xx_rtc.o(i.RTC_AlarmCmd)
    i.RTC_Bcd2ToByte                         0x0800049c   Section        0  stm32f0xx_rtc.o(i.RTC_Bcd2ToByte)
    RTC_Bcd2ToByte                           0x0800049d   Thumb Code    16  stm32f0xx_rtc.o(i.RTC_Bcd2ToByte)
    i.RTC_ByteToBcd2                         0x080004ac   Section        0  stm32f0xx_rtc.o(i.RTC_ByteToBcd2)
    RTC_ByteToBcd2                           0x080004ad   Thumb Code    24  stm32f0xx_rtc.o(i.RTC_ByteToBcd2)
    i.RTC_ClearITPendingBit                  0x080004c4   Section        0  stm32f0xx_rtc.o(i.RTC_ClearITPendingBit)
    i.RTC_Config                             0x080004e0   Section        0  main.o(i.RTC_Config)
    i.RTC_EnterInitMode                      0x080005ac   Section        0  stm32f0xx_rtc.o(i.RTC_EnterInitMode)
    i.RTC_ExitInitMode                       0x080005e8   Section        0  stm32f0xx_rtc.o(i.RTC_ExitInitMode)
    i.RTC_GetITStatus                        0x080005f8   Section        0  stm32f0xx_rtc.o(i.RTC_GetITStatus)
    i.RTC_IRQHandler                         0x08000634   Section        0  stm32f0xx_it.o(i.RTC_IRQHandler)
    i.RTC_ITConfig                           0x08000658   Section        0  stm32f0xx_rtc.o(i.RTC_ITConfig)
    i.RTC_Init                               0x08000694   Section        0  stm32f0xx_rtc.o(i.RTC_Init)
    i.RTC_SetAlarm                           0x080006dc   Section        0  stm32f0xx_rtc.o(i.RTC_SetAlarm)
    i.RTC_SetTime                            0x08000764   Section        0  stm32f0xx_rtc.o(i.RTC_SetTime)
    i.RTC_WaitForSynchro                     0x080007fc   Section        0  stm32f0xx_rtc.o(i.RTC_WaitForSynchro)
    i.STM_EVAL_LEDInit                       0x0800084c   Section        0  stm32f0_discovery.o(i.STM_EVAL_LEDInit)
    i.STM_EVAL_LEDOff                        0x08000888   Section        0  stm32f0_discovery.o(i.STM_EVAL_LEDOff)
    i.STM_EVAL_LEDOn                         0x080008a0   Section        0  stm32f0_discovery.o(i.STM_EVAL_LEDOn)
    i.STM_EVAL_LEDToggle                     0x080008b8   Section        0  stm32f0_discovery.o(i.STM_EVAL_LEDToggle)
    i.STM_EVAL_PBInit                        0x080008d4   Section        0  stm32f0_discovery.o(i.STM_EVAL_PBInit)
    i.SVC_Handler                            0x08000964   Section        0  stm32f0xx_it.o(i.SVC_Handler)
    i.SYSCFG_EXTILineConfig                  0x08000968   Section        0  stm32f0xx_syscfg.o(i.SYSCFG_EXTILineConfig)
    i.SYSCLKConfig_STOP                      0x08000990   Section        0  main.o(i.SYSCLKConfig_STOP)
    i.SetSysClock                            0x080009c4   Section        0  system_stm32f0xx.o(i.SetSysClock)
    SetSysClock                              0x080009c5   Thumb Code    86  system_stm32f0xx.o(i.SetSysClock)
    i.SysTick_CLKSourceConfig                0x08000a24   Section        0  stm32f0xx_misc.o(i.SysTick_CLKSourceConfig)
    i.SysTick_Configuration                  0x08000a3c   Section        0  main.o(i.SysTick_Configuration)
    i.SysTick_Handler                        0x08000a84   Section        0  stm32f0xx_it.o(i.SysTick_Handler)
    i.SystemInit                             0x08000a9c   Section        0  system_stm32f0xx.o(i.SystemInit)
    i.__scatterload_copy                     0x08000afc   Section       14  handlers.o(i.__scatterload_copy)
    i.__scatterload_null                     0x08000b0a   Section        2  handlers.o(i.__scatterload_null)
    i.__scatterload_zeroinit                 0x08000b0c   Section       14  handlers.o(i.__scatterload_zeroinit)
    i.main                                   0x08000b1a   Section        0  main.o(i.main)
    .constdata                               0x08000b94   Section       28  stm32f0_discovery.o(.constdata)
    .data                                    0x20000000   Section        4  stm32f0xx_it.o(.data)
    .data                                    0x20000004   Section       20  system_stm32f0xx.o(.data)
    .data                                    0x20000018   Section       12  stm32f0_discovery.o(.data)
    STACK                                    0x20000028   Section     1024  startup_stm32f0xx.o(STACK)

    Global Symbols

    Symbol Name                              Value     Ov Type        Size  Object(Section)

    BuildAttributes$$THM_ISAv3M$S$PE$A:L22$X:L11$S22$IEEE1$IW$USESV6$~STKCKD$USESV7$~SHL$OSPACE$EBA8$MICROLIB$REQ8$PRES8$EABIv2 0x00000000   Number         0  anon$$obj.o ABSOLUTE
    __ARM_use_no_argv                        0x00000000   Number         0  main.o ABSOLUTE
    __cpp_initialize__aeabi_                  - Undefined Weak Reference
    __cxa_finalize                            - Undefined Weak Reference
    __decompress                              - Undefined Weak Reference
    _clock_init                               - Undefined Weak Reference
    _microlib_exit                            - Undefined Weak Reference
    __Vectors_Size                           0x000000c0   Number         0  startup_stm32f0xx.o ABSOLUTE
    __Vectors                                0x08000000   Data           4  startup_stm32f0xx.o(RESET)
    __Vectors_End                            0x080000c0   Data           0  startup_stm32f0xx.o(RESET)
    __main                                   0x080000c1   Thumb Code     0  entry.o(.ARM.Collect$$$$00000000)
    _main_stk                                0x080000c1   Thumb Code     0  entry2.o(.ARM.Collect$$$$00000001)
    _main_scatterload                        0x080000c5   Thumb Code     0  entry5.o(.ARM.Collect$$$$00000004)
    __main_after_scatterload                 0x080000c9   Thumb Code     0  entry5.o(.ARM.Collect$$$$00000004)
    _main_clock                              0x080000c9   Thumb Code     0  entry7b.o(.ARM.Collect$$$$00000008)
    _main_cpp_init                           0x080000c9   Thumb Code     0  entry8b.o(.ARM.Collect$$$$0000000A)
    _main_init                               0x080000c9   Thumb Code     0  entry9a.o(.ARM.Collect$$$$0000000B)
    __rt_final_cpp                           0x080000d1   Thumb Code     0  entry10a.o(.ARM.Collect$$$$0000000D)
    __rt_final_exit                          0x080000d1   Thumb Code     0  entry11a.o(.ARM.Collect$$$$0000000F)
    Reset_Handler                            0x080000d5   Thumb Code     8  startup_stm32f0xx.o(.text)
    ADC1_COMP_IRQHandler                     0x080000e7   Thumb Code     0  startup_stm32f0xx.o(.text)
    CEC_IRQHandler                           0x080000e7   Thumb Code     0  startup_stm32f0xx.o(.text)
    DMA1_Channel1_IRQHandler                 0x080000e7   Thumb Code     0  startup_stm32f0xx.o(.text)
    DMA1_Channel2_3_IRQHandler               0x080000e7   Thumb Code     0  startup_stm32f0xx.o(.text)
    DMA1_Channel4_5_IRQHandler               0x080000e7   Thumb Code     0  startup_stm32f0xx.o(.text)
    EXTI2_3_IRQHandler                       0x080000e7   Thumb Code     0  startup_stm32f0xx.o(.text)
    EXTI4_15_IRQHandler                      0x080000e7   Thumb Code     0  startup_stm32f0xx.o(.text)
    FLASH_IRQHandler                         0x080000e7   Thumb Code     0  startup_stm32f0xx.o(.text)
    I2C1_IRQHandler                          0x080000e7   Thumb Code     0  startup_stm32f0xx.o(.text)
    I2C2_IRQHandler                          0x080000e7   Thumb Code     0  startup_stm32f0xx.o(.text)
    PVD_IRQHandler                           0x080000e7   Thumb Code     0  startup_stm32f0xx.o(.text)
    RCC_IRQHandler                           0x080000e7   Thumb Code     0  startup_stm32f0xx.o(.text)
    SPI1_IRQHandler                          0x080000e7   Thumb Code     0  startup_stm32f0xx.o(.text)
    SPI2_IRQHandler                          0x080000e7   Thumb Code     0  startup_stm32f0xx.o(.text)
    TIM14_IRQHandler                         0x080000e7   Thumb Code     0  startup_stm32f0xx.o(.text)
    TIM15_IRQHandler                         0x080000e7   Thumb Code     0  startup_stm32f0xx.o(.text)
    TIM16_IRQHandler                         0x080000e7   Thumb Code     0  startup_stm32f0xx.o(.text)
    TIM17_IRQHandler                         0x080000e7   Thumb Code     0  startup_stm32f0xx.o(.text)
    TIM1_BRK_UP_TRG_COM_IRQHandler           0x080000e7   Thumb Code     0  startup_stm32f0xx.o(.text)
    TIM1_CC_IRQHandler                       0x080000e7   Thumb Code     0  startup_stm32f0xx.o(.text)
    TIM2_IRQHandler                          0x080000e7   Thumb Code     0  startup_stm32f0xx.o(.text)
    TIM3_IRQHandler                          0x080000e7   Thumb Code     0  startup_stm32f0xx.o(.text)
    TIM6_DAC_IRQHandler                      0x080000e7   Thumb Code     0  startup_stm32f0xx.o(.text)
    TS_IRQHandler                            0x080000e7   Thumb Code     0  startup_stm32f0xx.o(.text)
    USART1_IRQHandler                        0x080000e7   Thumb Code     0  startup_stm32f0xx.o(.text)
    USART2_IRQHandler                        0x080000e7   Thumb Code     0  startup_stm32f0xx.o(.text)
    WWDG_IRQHandler                          0x080000e7   Thumb Code     0  startup_stm32f0xx.o(.text)
    __scatterload                            0x080000f1   Thumb Code    28  init.o(.text)
    __scatterload_rt2                        0x080000f1   Thumb Code     0  init.o(.text)
    Delay                                    0x08000115   Thumb Code    16  main.o(i.Delay)
    EXTI0_1_IRQHandler                       0x08000129   Thumb Code    26  stm32f0xx_it.o(i.EXTI0_1_IRQHandler)
    EXTI_ClearITPendingBit                   0x08000145   Thumb Code     6  stm32f0xx_exti.o(i.EXTI_ClearITPendingBit)
    EXTI_GetITStatus                         0x08000151   Thumb Code    24  stm32f0xx_exti.o(i.EXTI_GetITStatus)
    EXTI_Init                                0x0800016d   Thumb Code   102  stm32f0xx_exti.o(i.EXTI_Init)
    GPIO_Init                                0x080001d9   Thumb Code   112  stm32f0xx_gpio.o(i.GPIO_Init)
    HardFault_Handler                        0x08000249   Thumb Code     2  stm32f0xx_it.o(i.HardFault_Handler)
    NMI_Handler                              0x0800024b   Thumb Code     2  stm32f0xx_it.o(i.NMI_Handler)
    NVIC_Init                                0x0800024d   Thumb Code    70  stm32f0xx_misc.o(i.NVIC_Init)
    PWR_BackupAccessCmd                      0x080002e1   Thumb Code    20  stm32f0xx_pwr.o(i.PWR_BackupAccessCmd)
    PWR_EnterSTOPMode                        0x080002f9   Thumb Code    40  stm32f0xx_pwr.o(i.PWR_EnterSTOPMode)
    PendSV_Handler                           0x08000329   Thumb Code     2  stm32f0xx_it.o(i.PendSV_Handler)
    RCC_AHBPeriphClockCmd                    0x0800032d   Thumb Code    18  stm32f0xx_rcc.o(i.RCC_AHBPeriphClockCmd)
    RCC_APB1PeriphClockCmd                   0x08000345   Thumb Code    18  stm32f0xx_rcc.o(i.RCC_APB1PeriphClockCmd)
    RCC_APB2PeriphClockCmd                   0x0800035d   Thumb Code    18  stm32f0xx_rcc.o(i.RCC_APB2PeriphClockCmd)
    RCC_GetFlagStatus                        0x08000375   Thumb Code    48  stm32f0xx_rcc.o(i.RCC_GetFlagStatus)
    RCC_GetSYSCLKSource                      0x080003a9   Thumb Code    10  stm32f0xx_rcc.o(i.RCC_GetSYSCLKSource)
    RCC_HSEConfig                            0x080003b9   Thumb Code    10  stm32f0xx_rcc.o(i.RCC_HSEConfig)
    RCC_LSICmd                               0x080003c9   Thumb Code    22  stm32f0xx_rcc.o(i.RCC_LSICmd)
    RCC_MCOConfig                            0x080003e5   Thumb Code     6  stm32f0xx_rcc.o(i.RCC_MCOConfig)
    RCC_PLLCmd                               0x080003f1   Thumb Code    22  stm32f0xx_rcc.o(i.RCC_PLLCmd)
    RCC_RTCCLKCmd                            0x0800040d   Thumb Code    22  stm32f0xx_rcc.o(i.RCC_RTCCLKCmd)
    RCC_RTCCLKConfig                         0x08000429   Thumb Code    10  stm32f0xx_rcc.o(i.RCC_RTCCLKConfig)
    RCC_SYSCLKConfig                         0x08000439   Thumb Code    14  stm32f0xx_rcc.o(i.RCC_SYSCLKConfig)
    RTC_AlarmCmd                             0x0800044d   Thumb Code    74  stm32f0xx_rtc.o(i.RTC_AlarmCmd)
    RTC_ClearITPendingBit                    0x080004c5   Thumb Code    22  stm32f0xx_rtc.o(i.RTC_ClearITPendingBit)
    RTC_Config                               0x080004e1   Thumb Code   204  main.o(i.RTC_Config)
    RTC_EnterInitMode                        0x080005ad   Thumb Code    56  stm32f0xx_rtc.o(i.RTC_EnterInitMode)
    RTC_ExitInitMode                         0x080005e9   Thumb Code    12  stm32f0xx_rtc.o(i.RTC_ExitInitMode)
    RTC_GetITStatus                          0x080005f9   Thumb Code    54  stm32f0xx_rtc.o(i.RTC_GetITStatus)
    RTC_IRQHandler                           0x08000635   Thumb Code    36  stm32f0xx_it.o(i.RTC_IRQHandler)
    RTC_ITConfig                             0x08000659   Thumb Code    56  stm32f0xx_rtc.o(i.RTC_ITConfig)
    RTC_Init                                 0x08000695   Thumb Code    68  stm32f0xx_rtc.o(i.RTC_Init)
    RTC_SetAlarm                             0x080006dd   Thumb Code   130  stm32f0xx_rtc.o(i.RTC_SetAlarm)
    RTC_SetTime                              0x08000765   Thumb Code   142  stm32f0xx_rtc.o(i.RTC_SetTime)
    RTC_WaitForSynchro                       0x080007fd   Thumb Code    74  stm32f0xx_rtc.o(i.RTC_WaitForSynchro)
    STM_EVAL_LEDInit                         0x0800084d   Thumb Code    52  stm32f0_discovery.o(i.STM_EVAL_LEDInit)
    STM_EVAL_LEDOff                          0x08000889   Thumb Code    16  stm32f0_discovery.o(i.STM_EVAL_LEDOff)
    STM_EVAL_LEDOn                           0x080008a1   Thumb Code    16  stm32f0_discovery.o(i.STM_EVAL_LEDOn)
    STM_EVAL_LEDToggle                       0x080008b9   Thumb Code    20  stm32f0_discovery.o(i.STM_EVAL_LEDToggle)
    STM_EVAL_PBInit                          0x080008d5   Thumb Code   136  stm32f0_discovery.o(i.STM_EVAL_PBInit)
    SVC_Handler                              0x08000965   Thumb Code     2  stm32f0xx_it.o(i.SVC_Handler)
    SYSCFG_EXTILineConfig                    0x08000969   Thumb Code    34  stm32f0xx_syscfg.o(i.SYSCFG_EXTILineConfig)
    SYSCLKConfig_STOP                        0x08000991   Thumb Code    50  main.o(i.SYSCLKConfig_STOP)
    SysTick_CLKSourceConfig                  0x08000a25   Thumb Code    20  stm32f0xx_misc.o(i.SysTick_CLKSourceConfig)
    SysTick_Configuration                    0x08000a3d   Thumb Code    58  main.o(i.SysTick_Configuration)
    SysTick_Handler                          0x08000a85   Thumb Code    18  stm32f0xx_it.o(i.SysTick_Handler)
    SystemInit                               0x08000a9d   Thumb Code    84  system_stm32f0xx.o(i.SystemInit)
    __scatterload_copy                       0x08000afd   Thumb Code    14  handlers.o(i.__scatterload_copy)
    __scatterload_null                       0x08000b0b   Thumb Code     2  handlers.o(i.__scatterload_null)
    __scatterload_zeroinit                   0x08000b0d   Thumb Code    14  handlers.o(i.__scatterload_zeroinit)
    main                                     0x08000b1b   Thumb Code   122  main.o(i.main)
    BUTTON_PIN                               0x08000b94   Data           2  stm32f0_discovery.o(.constdata)
    BUTTON_EXTI_LINE                         0x08000b96   Data           2  stm32f0_discovery.o(.constdata)
    BUTTON_PORT_SOURCE                       0x08000b98   Data           2  stm32f0_discovery.o(.constdata)
    BUTTON_PIN_SOURCE                        0x08000b9a   Data           2  stm32f0_discovery.o(.constdata)
    BUTTON_IRQn                              0x08000b9c   Data           2  stm32f0_discovery.o(.constdata)
    GPIO_PIN                                 0x08000b9e   Data           4  stm32f0_discovery.o(.constdata)
    BUTTON_CLK                               0x08000ba4   Data           4  stm32f0_discovery.o(.constdata)
    GPIO_CLK                                 0x08000ba8   Data           8  stm32f0_discovery.o(.constdata)
    Region$$Table$$Base                      0x08000bb0   Number         0  anon$$obj.o(Region$$Table)
    Region$$Table$$Limit                     0x08000bd0   Number         0  anon$$obj.o(Region$$Table)
    TimingDelay                              0x20000000   Data           4  stm32f0xx_it.o(.data)
    SystemCoreClock                          0x20000004   Data           4  system_stm32f0xx.o(.data)
    AHBPrescTable                            0x20000008   Data          16  system_stm32f0xx.o(.data)
    BUTTON_PORT                              0x20000018   Data           4  stm32f0_discovery.o(.data)
    GPIO_PORT                                0x2000001c   Data           8  stm32f0_discovery.o(.data)
    __initial_sp                             0x20000428   Data           0  startup_stm32f0xx.o(STACK)



==============================================================================

Memory Map of the image

  Image Entry point : 0x080000c1

  Load Region LR_IROM1 (Base: 0x08000000, Size: 0x00000bf4, Max: 0x00010000, ABSOLUTE)

    Execution Region ER_IROM1 (Base: 0x08000000, Size: 0x00000bd0, Max: 0x00010000, ABSOLUTE)

    Base Addr    Size         Type   Attr      Idx    E Section Name        Object

    0x08000000   0x000000c0   Data   RO         1232    RESET               startup_stm32f0xx.o
    0x080000c0   0x00000000   Code   RO         1237  * .ARM.Collect$$$$00000000  mc_p.l(entry.o)
    0x080000c0   0x00000004   Code   RO         1242    .ARM.Collect$$$$00000001  mc_p.l(entry2.o)
    0x080000c4   0x00000004   Code   RO         1245    .ARM.Collect$$$$00000004  mc_p.l(entry5.o)
    0x080000c8   0x00000000   Code   RO         1247    .ARM.Collect$$$$00000008  mc_p.l(entry7b.o)
    0x080000c8   0x00000000   Code   RO         1249    .ARM.Collect$$$$0000000A  mc_p.l(entry8b.o)
    0x080000c8   0x00000008   Code   RO         1250    .ARM.Collect$$$$0000000B  mc_p.l(entry9a.o)
    0x080000d0   0x00000000   Code   RO         1252    .ARM.Collect$$$$0000000D  mc_p.l(entry10a.o)
    0x080000d0   0x00000000   Code   RO         1254    .ARM.Collect$$$$0000000F  mc_p.l(entry11a.o)
    0x080000d0   0x00000004   Code   RO         1243    .ARM.Collect$$$$00002712  mc_p.l(entry2.o)
    0x080000d4   0x0000001c   Code   RO         1233    .text               startup_stm32f0xx.o
    0x080000f0   0x00000024   Code   RO         1256    .text               mc_p.l(init.o)
    0x08000114   0x00000014   Code   RO            2    i.Delay             main.o
    0x08000128   0x0000001a   Code   RO          138    i.EXTI0_1_IRQHandler  stm32f0xx_it.o
    0x08000142   0x00000002   PAD
    0x08000144   0x0000000c   Code   RO          796    i.EXTI_ClearITPendingBit  stm32f0xx_exti.o
    0x08000150   0x0000001c   Code   RO          800    i.EXTI_GetITStatus  stm32f0xx_exti.o
    0x0800016c   0x0000006c   Code   RO          801    i.EXTI_Init         stm32f0xx_exti.o
    0x080001d8   0x00000070   Code   RO          647    i.GPIO_Init         stm32f0xx_gpio.o
    0x08000248   0x00000002   Code   RO          139    i.HardFault_Handler  stm32f0xx_it.o
    0x0800024a   0x00000002   Code   RO          140    i.NMI_Handler       stm32f0xx_it.o
    0x0800024c   0x00000050   Code   RO          612    i.NVIC_Init         stm32f0xx_misc.o
    0x0800029c   0x00000044   Code   RO            3    i.NVIC_SetPriority  main.o
    0x080002e0   0x00000018   Code   RO          856    i.PWR_BackupAccessCmd  stm32f0xx_pwr.o
    0x080002f8   0x00000030   Code   RO          860    i.PWR_EnterSTOPMode  stm32f0xx_pwr.o
    0x08000328   0x00000002   Code   RO          141    i.PendSV_Handler    stm32f0xx_it.o
    0x0800032a   0x00000002   PAD
    0x0800032c   0x00000018   Code   RO          304    i.RCC_AHBPeriphClockCmd  stm32f0xx_rcc.o
    0x08000344   0x00000018   Code   RO          306    i.RCC_APB1PeriphClockCmd  stm32f0xx_rcc.o
    0x0800035c   0x00000018   Code   RO          308    i.RCC_APB2PeriphClockCmd  stm32f0xx_rcc.o
    0x08000374   0x00000034   Code   RO          319    i.RCC_GetFlagStatus  stm32f0xx_rcc.o
    0x080003a8   0x00000010   Code   RO          321    i.RCC_GetSYSCLKSource  stm32f0xx_rcc.o
    0x080003b8   0x00000010   Code   RO          323    i.RCC_HSEConfig     stm32f0xx_rcc.o
    0x080003c8   0x0000001c   Code   RO          331    i.RCC_LSICmd        stm32f0xx_rcc.o
    0x080003e4   0x0000000c   Code   RO          332    i.RCC_MCOConfig     stm32f0xx_rcc.o
    0x080003f0   0x0000001c   Code   RO          334    i.RCC_PLLCmd        stm32f0xx_rcc.o
    0x0800040c   0x0000001c   Code   RO          337    i.RCC_RTCCLKCmd     stm32f0xx_rcc.o
    0x08000428   0x00000010   Code   RO          338    i.RCC_RTCCLKConfig  stm32f0xx_rcc.o
    0x08000438   0x00000014   Code   RO          339    i.RCC_SYSCLKConfig  stm32f0xx_rcc.o
    0x0800044c   0x00000050   Code   RO          926    i.RTC_AlarmCmd      stm32f0xx_rtc.o
    0x0800049c   0x00000010   Code   RO          929    i.RTC_Bcd2ToByte    stm32f0xx_rtc.o
    0x080004ac   0x00000018   Code   RO          931    i.RTC_ByteToBcd2    stm32f0xx_rtc.o
    0x080004c4   0x0000001c   Code   RO          935    i.RTC_ClearITPendingBit  stm32f0xx_rtc.o
    0x080004e0   0x000000cc   Code   RO            4    i.RTC_Config        main.o
    0x080005ac   0x0000003c   Code   RO          939    i.RTC_EnterInitMode  stm32f0xx_rtc.o
    0x080005e8   0x00000010   Code   RO          940    i.RTC_ExitInitMode  stm32f0xx_rtc.o
    0x080005f8   0x0000003c   Code   RO          945    i.RTC_GetITStatus   stm32f0xx_rtc.o
    0x08000634   0x00000024   Code   RO          142    i.RTC_IRQHandler    stm32f0xx_it.o
    0x08000658   0x0000003c   Code   RO          951    i.RTC_ITConfig      stm32f0xx_rtc.o
    0x08000694   0x00000048   Code   RO          952    i.RTC_Init          stm32f0xx_rtc.o
    0x080006dc   0x00000088   Code   RO          957    i.RTC_SetAlarm      stm32f0xx_rtc.o
    0x08000764   0x00000098   Code   RO          959    i.RTC_SetTime       stm32f0xx_rtc.o
    0x080007fc   0x00000050   Code   RO          972    i.RTC_WaitForSynchro  stm32f0xx_rtc.o
    0x0800084c   0x0000003c   Code   RO          250    i.STM_EVAL_LEDInit  stm32f0_discovery.o
    0x08000888   0x00000018   Code   RO          251    i.STM_EVAL_LEDOff   stm32f0_discovery.o
    0x080008a0   0x00000018   Code   RO          252    i.STM_EVAL_LEDOn    stm32f0_discovery.o
    0x080008b8   0x0000001c   Code   RO          253    i.STM_EVAL_LEDToggle  stm32f0_discovery.o
    0x080008d4   0x00000090   Code   RO          255    i.STM_EVAL_PBInit   stm32f0_discovery.o
    0x08000964   0x00000002   Code   RO          143    i.SVC_Handler       stm32f0xx_it.o
    0x08000966   0x00000002   PAD
    0x08000968   0x00000028   Code   RO          741    i.SYSCFG_EXTILineConfig  stm32f0xx_syscfg.o
    0x08000990   0x00000032   Code   RO            5    i.SYSCLKConfig_STOP  main.o
    0x080009c2   0x00000002   PAD
    0x080009c4   0x00000060   Code   RO          214    i.SetSysClock       system_stm32f0xx.o
    0x08000a24   0x00000018   Code   RO          614    i.SysTick_CLKSourceConfig  stm32f0xx_misc.o
    0x08000a3c   0x00000048   Code   RO            6    i.SysTick_Configuration  main.o
    0x08000a84   0x00000018   Code   RO          144    i.SysTick_Handler   stm32f0xx_it.o
    0x08000a9c   0x00000060   Code   RO          216    i.SystemInit        system_stm32f0xx.o
    0x08000afc   0x0000000e   Code   RO         1260    i.__scatterload_copy  mc_p.l(handlers.o)
    0x08000b0a   0x00000002   Code   RO         1261    i.__scatterload_null  mc_p.l(handlers.o)
    0x08000b0c   0x0000000e   Code   RO         1262    i.__scatterload_zeroinit  mc_p.l(handlers.o)
    0x08000b1a   0x0000007a   Code   RO            7    i.main              main.o
    0x08000b94   0x0000001c   Data   RO          256    .constdata          stm32f0_discovery.o
    0x08000bb0   0x00000020   Data   RO         1258    Region$$Table       anon$$obj.o


    Execution Region RW_IRAM1 (Base: 0x20000000, Size: 0x00000428, Max: 0x00002000, ABSOLUTE)

    Base Addr    Size         Type   Attr      Idx    E Section Name        Object

    0x20000000   0x00000004   Data   RW          145    .data               stm32f0xx_it.o
    0x20000004   0x00000014   Data   RW          217    .data               system_stm32f0xx.o
    0x20000018   0x0000000c   Data   RW          257    .data               stm32f0_discovery.o
    0x20000024   0x00000004   PAD
    0x20000028   0x00000400   Zero   RW         1230    STACK               startup_stm32f0xx.o


==============================================================================

Image component sizes


      Code (inc. data)   RO Data    RW Data    ZI Data      Debug   Object Name

       536         26          0          0          0     117596   main.o
        28          8        192          0       1024        740   startup_stm32f0xx.o
       280         40         28         12          0       5311   stm32f0_discovery.o
       148         16          0          0          0       5000   stm32f0xx_exti.o
       112          0          0          0          0       5756   stm32f0xx_gpio.o
        94          6          0          4          0       3731   stm32f0xx_it.o
       104         14          0          0          0       2842   stm32f0xx_misc.o
        72         12          0          0          0       1214   stm32f0xx_pwr.o
       288         70          0          0          0       7088   stm32f0xx_rcc.o
       784         56          0          0          0      21540   stm32f0xx_rtc.o
        40          6          0          0          0        660   stm32f0xx_syscfg.o
       192         22          0         20          0       1741   system_stm32f0xx.o

    ----------------------------------------------------------------------
      2686        276        252         36       1028     173219   Object Totals
         0          0         32          0          0          0   (incl. Generated)
         8          0          0          0          4          0   (incl. Padding)

    ----------------------------------------------------------------------

      Code (inc. data)   RO Data    RW Data    ZI Data      Debug   Library Member Name

         0          0          0          0          0          0   entry.o
         0          0          0          0          0          0   entry10a.o
         0          0          0          0          0          0   entry11a.o
         8          4          0          0          0          0   entry2.o
         4          0          0          0          0          0   entry5.o
         0          0          0          0          0          0   entry7b.o
         0          0          0          0          0          0   entry8b.o
         8          4          0          0          0          0   entry9a.o
        30          0          0          0          0          0   handlers.o
        36          8          0          0          0         68   init.o

    ----------------------------------------------------------------------
        86         16          0          0          0         68   Library Totals
         0          0          0          0          0          0   (incl. Padding)

    ----------------------------------------------------------------------

      Code (inc. data)   RO Data    RW Data    ZI Data      Debug   Library Name

        86         16          0          0          0         68   mc_p.l

    ----------------------------------------------------------------------
        86         16          0          0          0         68   Library Totals

    ----------------------------------------------------------------------

==============================================================================


      Code (inc. data)   RO Data    RW Data    ZI Data      Debug   

      2772        292        252         36       1028     171167   Grand Totals
      2772        292        252         36       1028     171167   ELF Image Totals
      2772        292        252         36          0          0   ROM Totals

==============================================================================

    Total RO  Size (Code + RO Data)                 3024 (   2.95kB)
    Total RW  Size (RW Data + ZI Data)              1064 (   1.04kB)
    Total ROM Size (Code + RO Data + RW Data)       3060 (   2.99kB)

==============================================================================

