<html>
<body>
<pre>
<h1>µVision Build Log</h1>
<h2>Project:</h2>
D:\STM32F0Discovery\ST Discovery Cortex M0 SDK\STM32F0-Discovery_FW_V1.0.0\Project\Peripheral_Examples\PWR_STOP\MDK-ARM\PWR_STOP.uvproj
Project File Date:  03/23/2012

<h2>Output:</h2>
Load "D:\\STM32F0Discovery\\ST Discovery Cortex M0 SDK\\STM32F0-Discovery_FW_V1.0.0\\Project\\Peripheral_Examples\\PWR_STOP\\MDK-ARM\\PWR_STOP\\PWR_STOP.axf" 
_____^
*** error 56: cannot open file
Rebuild target 'PWR_STOP'
compiling main.c...
compiling stm32f0xx_it.c...
compiling system_stm32f0xx.c...
compiling stm32f0_discovery.c...
compiling stm32f0xx_rcc.c...
compiling stm32f0xx_misc.c...
compiling stm32f0xx_gpio.c...
compiling stm32f0xx_syscfg.c...
compiling stm32f0xx_exti.c...
compiling stm32f0xx_pwr.c...
compiling stm32f0xx_rtc.c...
assembling startup_stm32f0xx.s...
linking...
Program Size: Code=2772 RO-data=252 RW-data=36 ZI-data=1028  
".\PWR_STOP\PWR_STOP.axf" - 0 Error(s), 0 Warning(s).
Load "D:\\STM32F0Discovery\\ST Discovery Cortex M0 SDK\\STM32F0-Discovery_FW_V1.0.0\\Project\\Peripheral_Examples\\PWR_STOP\\MDK-ARM\\PWR_STOP\\PWR_STOP.axf" 
No Algorithm found for: 08000000H - 08000BF3H
Erase skipped!
