<html>
<body>
<pre>
<h1>µVision Build Log</h1>
<h2>Project:</h2>
C:\Users\ekizm\Desktop\Dalga Jeneratoru Kaynak Kodlarim\Project\Demonstration2\MDK-ARM\STM32F0-Discovery_Demo.uvproj
Project File Date:  11/24/2019

<h2>Output:</h2>
Build target 'Demo'
compiling main.c...
..\main.c(32): warning:  #177-D: variable "TIM4_Period" was declared but never referenced
  static const uint16_t TIM4_Period = 100;
..\main.c(33): warning:  #177-D: variable "TIM4_Prescaler" was declared but never referenced
  static const uint16_t TIM4_Prescaler = 48000;
..\main.c: 2 warnings, 0 errors
linking...
Program Size: Code=2592 RO-data=252 RW-data=40 ZI-data=1024  
".\Demo\Demo.axf" - 0 Error(s), 2 Warning(s).
Load "C:\\Users\\ekizm\\Desktop\\Dalga Jeneratoru Kaynak Kodlarim\\Project\\Demonstration2\\MDK-ARM\\Demo\\Demo.axf" 
Erase Done.
Programming Done.
Verify OK.
Application running ...
ogram Size: Code=2568 RO-data=252 RW-data=40 ZI-data=1024  
".\Demo\Demo.axf" - 0 Error(s), 0 Warning(s).

*** Performing Cross-Module-Optimization:
compiling system_stm32f0xx.c...
compiling main.c...
compiling stm32f0xx_it.c...
compiling stm32f0_discovery.c...
compiling stm32f0xx_syscfg.c...
compiling stm32f0xx_misc.c...
compiling stm32f0xx_adc.c...
compiling stm32f0xx_dac.c...
compiling stm32f0xx_dma.c...
compiling stm32f0xx_exti.c...
compiling stm32f0xx_flash.c...
compiling stm32f0xx_gpio.c...
compiling stm32f0xx_i2c.c...
compiling stm32f0xx_rcc.c...
compiling stm32f0xx_spi.c...
compiling stm32f0xx_tim.c...
linking...
Program Size: Code=2568 RO-data=252 RW-data=40 ZI-data=1024  
".\Demo\Demo.axf" - 0 Error(s), 0 Warning(s).
*** Completed Cross-Module-Optimization after 2 iteration(s).
Load "C:\\Users\\ekizm\\Desktop\\Dalga Jeneratoru Kaynak Kodlarim\\Project\\Demonstration2\\MDK-ARM\\Demo\\Demo.axf" 
Erase Done.
Programming Done.
Verify OK.
Application running ...
f0xx_exti.c...
compiling stm32f0xx_flash.c...
compiling stm32f0xx_gpio.c...
compiling stm32f0xx_i2c.c...
compiling stm32f0xx_rcc.c...
compiling stm32f0xx_spi.c...
compiling stm32f0xx_tim.c...
linking...
Program Size: Code=1820 RO-data=252 RW-data=44 ZI-data=1028  
".\Demo\Demo.axf" - 0 Error(s), 2 Warning(s).
*** Completed Cross-Module-Optimization after 2 iteration(s).
Load "C:\\Users\\ekizm\\Desktop\\Dalga Jeneratoru Kaynak Kodlarim\\Project\\Demonstration2\\MDK-ARM\\Demo\\Demo.axf" 
Erase Done.
Programming Done.
Verify OK.
Application running ...
ss-Module-Optimization after 2 iteration(s).
